Archive member included to satisfy reference by file (symbol)

/home/colin/st/stm32cubeide_1.16.1_2/plugins/com.st.stm32cube.ide.mcu.externaltools.gnu-tools-for-stm32.12.3.rel1.linux64_1.0.200.202406132123/tools/bin/../lib/gcc/arm-none-eabi/12.3.1/../../../../arm-none-eabi/lib/thumb/v7e-m+fp/hard/libc_nano.a(libc_a-exit.o)
                              /home/colin/st/stm32cubeide_1.16.1_2/plugins/com.st.stm32cube.ide.mcu.externaltools.gnu-tools-for-stm32.12.3.rel1.linux64_1.0.200.202406132123/tools/bin/../lib/gcc/arm-none-eabi/12.3.1/../../../../arm-none-eabi/lib/thumb/v7e-m+fp/hard/crt0.o (exit)
/home/colin/st/stm32cubeide_1.16.1_2/plugins/com.st.stm32cube.ide.mcu.externaltools.gnu-tools-for-stm32.12.3.rel1.linux64_1.0.200.202406132123/tools/bin/../lib/gcc/arm-none-eabi/12.3.1/../../../../arm-none-eabi/lib/thumb/v7e-m+fp/hard/libc_nano.a(libc_a-findfp.o)
                              /home/colin/st/stm32cubeide_1.16.1_2/plugins/com.st.stm32cube.ide.mcu.externaltools.gnu-tools-for-stm32.12.3.rel1.linux64_1.0.200.202406132123/tools/bin/../lib/gcc/arm-none-eabi/12.3.1/../../../../arm-none-eabi/lib/thumb/v7e-m+fp/hard/libc_nano.a(libc_a-exit.o) (__stdio_exit_handler)
/home/colin/st/stm32cubeide_1.16.1_2/plugins/com.st.stm32cube.ide.mcu.externaltools.gnu-tools-for-stm32.12.3.rel1.linux64_1.0.200.202406132123/tools/bin/../lib/gcc/arm-none-eabi/12.3.1/../../../../arm-none-eabi/lib/thumb/v7e-m+fp/hard/libc_nano.a(libc_a-fwalk.o)
                              /home/colin/st/stm32cubeide_1.16.1_2/plugins/com.st.stm32cube.ide.mcu.externaltools.gnu-tools-for-stm32.12.3.rel1.linux64_1.0.200.202406132123/tools/bin/../lib/gcc/arm-none-eabi/12.3.1/../../../../arm-none-eabi/lib/thumb/v7e-m+fp/hard/libc_nano.a(libc_a-findfp.o) (_fwalk_sglue)
/home/colin/st/stm32cubeide_1.16.1_2/plugins/com.st.stm32cube.ide.mcu.externaltools.gnu-tools-for-stm32.12.3.rel1.linux64_1.0.200.202406132123/tools/bin/../lib/gcc/arm-none-eabi/12.3.1/../../../../arm-none-eabi/lib/thumb/v7e-m+fp/hard/libc_nano.a(libc_a-stdio.o)
                              /home/colin/st/stm32cubeide_1.16.1_2/plugins/com.st.stm32cube.ide.mcu.externaltools.gnu-tools-for-stm32.12.3.rel1.linux64_1.0.200.202406132123/tools/bin/../lib/gcc/arm-none-eabi/12.3.1/../../../../arm-none-eabi/lib/thumb/v7e-m+fp/hard/libc_nano.a(libc_a-findfp.o) (__sread)
/home/colin/st/stm32cubeide_1.16.1_2/plugins/com.st.stm32cube.ide.mcu.externaltools.gnu-tools-for-stm32.12.3.rel1.linux64_1.0.200.202406132123/tools/bin/../lib/gcc/arm-none-eabi/12.3.1/../../../../arm-none-eabi/lib/thumb/v7e-m+fp/hard/libc_nano.a(libc_a-memset.o)
                              /home/colin/st/stm32cubeide_1.16.1_2/plugins/com.st.stm32cube.ide.mcu.externaltools.gnu-tools-for-stm32.12.3.rel1.linux64_1.0.200.202406132123/tools/bin/../lib/gcc/arm-none-eabi/12.3.1/../../../../arm-none-eabi/lib/thumb/v7e-m+fp/hard/crt0.o (memset)
/home/colin/st/stm32cubeide_1.16.1_2/plugins/com.st.stm32cube.ide.mcu.externaltools.gnu-tools-for-stm32.12.3.rel1.linux64_1.0.200.202406132123/tools/bin/../lib/gcc/arm-none-eabi/12.3.1/../../../../arm-none-eabi/lib/thumb/v7e-m+fp/hard/libc_nano.a(libc_a-closer.o)
                              /home/colin/st/stm32cubeide_1.16.1_2/plugins/com.st.stm32cube.ide.mcu.externaltools.gnu-tools-for-stm32.12.3.rel1.linux64_1.0.200.202406132123/tools/bin/../lib/gcc/arm-none-eabi/12.3.1/../../../../arm-none-eabi/lib/thumb/v7e-m+fp/hard/libc_nano.a(libc_a-stdio.o) (_close_r)
/home/colin/st/stm32cubeide_1.16.1_2/plugins/com.st.stm32cube.ide.mcu.externaltools.gnu-tools-for-stm32.12.3.rel1.linux64_1.0.200.202406132123/tools/bin/../lib/gcc/arm-none-eabi/12.3.1/../../../../arm-none-eabi/lib/thumb/v7e-m+fp/hard/libc_nano.a(libc_a-reent.o)
                              /home/colin/st/stm32cubeide_1.16.1_2/plugins/com.st.stm32cube.ide.mcu.externaltools.gnu-tools-for-stm32.12.3.rel1.linux64_1.0.200.202406132123/tools/bin/../lib/gcc/arm-none-eabi/12.3.1/../../../../arm-none-eabi/lib/thumb/v7e-m+fp/hard/libc_nano.a(libc_a-closer.o) (errno)
/home/colin/st/stm32cubeide_1.16.1_2/plugins/com.st.stm32cube.ide.mcu.externaltools.gnu-tools-for-stm32.12.3.rel1.linux64_1.0.200.202406132123/tools/bin/../lib/gcc/arm-none-eabi/12.3.1/../../../../arm-none-eabi/lib/thumb/v7e-m+fp/hard/libc_nano.a(libc_a-impure.o)
                              /home/colin/st/stm32cubeide_1.16.1_2/plugins/com.st.stm32cube.ide.mcu.externaltools.gnu-tools-for-stm32.12.3.rel1.linux64_1.0.200.202406132123/tools/bin/../lib/gcc/arm-none-eabi/12.3.1/../../../../arm-none-eabi/lib/thumb/v7e-m+fp/hard/libc_nano.a(libc_a-reent.o) (_impure_ptr)
/home/colin/st/stm32cubeide_1.16.1_2/plugins/com.st.stm32cube.ide.mcu.externaltools.gnu-tools-for-stm32.12.3.rel1.linux64_1.0.200.202406132123/tools/bin/../lib/gcc/arm-none-eabi/12.3.1/../../../../arm-none-eabi/lib/thumb/v7e-m+fp/hard/libc_nano.a(libc_a-lseekr.o)
[...]
Memory Configuration

Name             Origin             Length             Attributes
RAM              0x20000000         0x00020000         xrw
FLASH            0x08000000         0x00080000         xr
*default*        0x00000000         0xffffffff

Linker script and memory map

LOAD /home/colin/st/stm32cubeide_1.16.1_2/plugins/com.st.stm32cube.ide.mcu.externaltools.gnu-tools-for-stm32.12.3.rel1.linux64_1.0.200.202406132123/tools/bin/../lib/gcc/arm-none-eabi/12.3.1/thumb/v7e-m+fp/hard/crti.o
LOAD /home/colin/st/stm32cubeide_1.16.1_2/plugins/com.st.stm32cube.ide.mcu.externaltools.gnu-tools-for-stm32.12.3.rel1.linux64_1.0.200.202406132123/tools/bin/../lib/gcc/arm-none-eabi/12.3.1/thumb/v7e-m+fp/hard/crtbegin.o
LOAD /home/colin/st/stm32cubeide_1.16.1_2/plugins/com.st.stm32cube.ide.mcu.externaltools.gnu-tools-for-stm32.12.3.rel1.linux64_1.0.200.202406132123/tools/bin/../lib/gcc/arm-none-eabi/12.3.1/../../../../arm-none-eabi/lib/thumb/v7e-m+fp/hard/crt0.o
LOAD ./Core/Src/Subsystem.o
LOAD ./Core/Src/main.o
LOAD ./Core/Src/stm32f4xx_hal_msp.o
LOAD ./Core/Src/stm32f4xx_it.o
LOAD ./Core/Src/syscalls.o
LOAD ./Core/Src/sysmem.o
LOAD ./Core/Src/system_stm32f4xx.o
LOAD ./Core/Startup/startup_stm32f446retx.o
LOAD ./Drivers/STM32F4xx_HAL_Driver/Src/stm32f4xx_hal.o
LOAD ./Drivers/STM32F4xx_HAL_Driver/Src/stm32f4xx_hal_adc.o
LOAD ./Drivers/STM32F4xx_HAL_Driver/Src/stm32f4xx_hal_adc_ex.o
LOAD ./Drivers/STM32F4xx_HAL_Driver/Src/stm32f4xx_hal_cortex.o
LOAD ./Drivers/STM32F4xx_HAL_Driver/Src/stm32f4xx_hal_dma.o
LOAD ./Drivers/STM32F4xx_HAL_Driver/Src/stm32f4xx_hal_dma_ex.o
LOAD ./Drivers/STM32F4xx_HAL_Driver/Src/stm32f4xx_hal_exti.o
LOAD ./Drivers/STM32F4xx_HAL_Driver/Src/stm32f4xx_hal_flash.o
LOAD ./Drivers/STM32F4xx_HAL_Driver/Src/stm32f4xx_hal_flash_ex.o
LOAD ./Drivers/STM32F4xx_HAL_Driver/Src/stm32f4xx_hal_flash_ramfunc.o
LOAD ./Drivers/STM32F4xx_HAL_Driver/Src/stm32f4xx_hal_gpio.o
LOAD ./Drivers/STM32F4xx_HAL_Driver/Src/stm32f4xx_hal_i2c.o
LOAD ./Drivers/STM32F4xx_HAL_Driver/Src/stm32f4xx_hal_i2c_ex.o
LOAD ./Drivers/STM32F4xx_HAL_Driver/Src/stm32f4xx_hal_pcd.o
LOAD ./Drivers/STM32F4xx_HAL_Driver/Src/stm32f4xx_hal_pcd_ex.o
LOAD ./Drivers/STM32F4xx_HAL_Driver/Src/stm32f4xx_hal_pwr.o
LOAD ./Drivers/STM32F4xx_HAL_Driver/Src/stm32f4xx_hal_pwr_ex.o
LOAD ./Drivers/STM32F4xx_HAL_Driver/Src/stm32f4xx_hal_rcc.o
LOAD ./Drivers/STM32F4xx_HAL_Driver/Src/stm32f4xx_hal_rcc_ex.o
LOAD ./Drivers/STM32F4xx_HAL_Driver/Src/stm32f4xx_hal_spi.o
LOAD ./Drivers/STM32F4xx_HAL_Driver/Src/stm32f4xx_hal_uart.o
LOAD ./Drivers/STM32F4xx_HAL_Driver/Src/stm32f4xx_ll_adc.o
LOAD ./Drivers/STM32F4xx_HAL_Driver/Src/stm32f4xx_ll_usb.o
LOAD ./Middlewares/ST/STM32_USB_Device_Library/Class/CDC/Src/usbd_cdc.o
LOAD ./Middlewares/ST/STM32_USB_Device_Library/Core/Src/usbd_core.o
LOAD ./Middlewares/ST/STM32_USB_Device_Library/Core/Src/usbd_ctlreq.o
LOAD ./Middlewares/ST/STM32_USB_Device_Library/Core/Src/usbd_ioreq.o
LOAD ./USB_DEVICE/App/usb_device.o
LOAD ./USB_DEVICE/App/usbd_cdc_if.o
LOAD ./USB_DEVICE/App/usbd_desc.o
LOAD ./USB_DEVICE/Target/usbd_conf.o
START GROUP
LOAD /home/colin/st/stm32cubeide_1.16.1_2/plugins/com.st.stm32cube.ide.mcu.externaltools.gnu-tools-for-stm32.12.3.rel1.linux64_1.0.200.202406132123/tools/bin/../lib/gcc/arm-none-eabi/12.3.1/../../../../arm-none-eabi/lib/thumb/v7e-m+fp/hard/libstdc++_nano.a
LOAD /home/colin/st/stm32cubeide_1.16.1_2/plugins/com.st.stm32cube.ide.mcu.externaltools.gnu-tools-for-stm32.12.3.rel1.linux64_1.0.200.202406132123/tools/bin/../lib/gcc/arm-none-eabi/12.3.1/../../../../arm-none-eabi/lib/thumb/v7e-m+fp/hard/libsupc++_nano.a
END GROUP
LOAD /home/colin/st/stm32cubeide_1.16.1_2/plugins/com.st.stm32cube.ide.mcu.externaltools.gnu-tools-for-stm32.12.3.rel1.linux64_1.0.200.202406132123/tools/bin/../lib/gcc/arm-none-eabi/12.3.1/../../../../arm-none-eabi/lib/thumb/v7e-m+fp/hard/libstdc++_nano.a
LOAD /home/colin/st/stm32cubeide_1.16.1_2/plugins/com.st.stm32cube.ide.mcu.externaltools.gnu-tools-for-stm32.12.3.rel1.linux64_1.0.200.202406132123/tools/bin/../lib/gcc/arm-none-eabi/12.3.1/../../../../arm-none-eabi/lib/thumb/v7e-m+fp/hard/libm.a
LOAD /home/colin/st/stm32cubeide_1.16.1_2/plugins/com.st.stm32cube.ide.mcu.externaltools.gnu-tools-for-stm32.12.3.rel1.linux64_1.0.200.202406132123/tools/bin/../lib/gcc/arm-none-eabi/12.3.1/../../../../arm-none-eabi/lib/thumb/v7e-m+fp/hard/libc_nano.a
START GROUP
LOAD /home/colin/st/stm32cubeide_1.16.1_2/plugins/com.st.stm32cube.ide.mcu.externaltools.gnu-tools-for-stm32.12.3.rel1.linux64_1.0.200.202406132123/tools/bin/../lib/gcc/arm-none-eabi/12.3.1/thumb/v7e-m+fp/hard/libgcc.a
LOAD /home/colin/st/stm32cubeide_1.16.1_2/plugins/com.st.stm32cube.ide.mcu.externaltools.gnu-tools-for-stm32.12.3.rel1.linux64_1.0.200.202406132123/tools/bin/../lib/gcc/arm-none-eabi/12.3.1/../../../../arm-none-eabi/lib/thumb/v7e-m+fp/hard/libc_nano.a
END GROUP
START GROUP
LOAD /home/colin/st/stm32cubeide_1.16.1_2/plugins/com.st.stm32cube.ide.mcu.externaltools.gnu-tools-for-stm32.12.3.rel1.linux64_1.0.200.202406132123/tools/bin/../lib/gcc/arm-none-eabi/12.3.1/thumb/v7e-m+fp/hard/libgcc.a
LOAD /home/colin/st/stm32cubeide_1.16.1_2/plugins/com.st.stm32cube.ide.mcu.externaltools.gnu-tools-for-stm32.12.3.rel1.linux64_1.0.200.202406132123/tools/bin/../lib/gcc/arm-none-eabi/12.3.1/../../../../arm-none-eabi/lib/thumb/v7e-m+fp/hard/libc_nano.a
LOAD /home/colin/st/stm32cubeide_1.16.1_2/plugins/com.st.stm32cube.ide.mcu.externaltools.gnu-tools-for-stm32.12.3.rel1.linux64_1.0.200.202406132123/tools/bin/../lib/gcc/arm-none-eabi/12.3.1/../../../../arm-none-eabi/lib/thumb/v7e-m+fp/hard/libnosys.a
END GROUP
START GROUP
LOAD /home/colin/st/stm32cubeide_1.16.1_2/plugins/com.st.stm32cube.ide.mcu.externaltools.gnu-tools-for-stm32.12.3.rel1.linux64_1.0.200.202406132123/tools/bin/../lib/gcc/arm-none-eabi/12.3.1/thumb/v7e-m+fp/hard/libgcc.a
LOAD /home/colin/st/stm32cubeide_1.16.1_2/plugins/com.st.stm32cube.ide.mcu.externaltools.gnu-tools-for-stm32.12.3.rel1.linux64_1.0.200.202406132123/tools/bin/../lib/gcc/arm-none-eabi/12.3.1/../../../../arm-none-eabi/lib/thumb/v7e-m+fp/hard/libc_nano.a
LOAD /home/colin/st/stm32cubeide_1.16.1_2/plugins/com.st.stm32cube.ide.mcu.externaltools.gnu-tools-for-stm32.12.3.rel1.linux64_1.0.200.202406132123/tools/bin/../lib/gcc/arm-none-eabi/12.3.1/../../../../arm-none-eabi/lib/thumb/v7e-m+fp/hard/libnosys.a
END GROUP
LOAD /home/colin/st/stm32cubeide_1.16.1_2/plugins/com.st.stm32cube.ide.mcu.externaltools.gnu-tools-for-stm32.12.3.rel1.linux64_1.0.200.202406132123/tools/bin/../lib/gcc/arm-none-eabi/12.3.1/thumb/v7e-m+fp/hard/crtend.o
LOAD /home/colin/st/stm32cubeide_1.16.1_2/plugins/com.st.stm32cube.ide.mcu.externaltools.gnu-tools-for-stm32.12.3.rel1.linux64_1.0.200.202406132123/tools/bin/../lib/gcc/arm-none-eabi/12.3.1/thumb/v7e-m+fp/hard/crtn.o
                0x20020000                        _estack = (ORIGIN (RAM) + LENGTH (RAM))
                0x00000200                        _Min_Heap_Size = 0x200
                0x00000400                        _Min_Stack_Size = 0x400

.isr_vector     0x08000000      0x1c4
                0x08000000                        . = ALIGN (0x4)
 *(.isr_vector)
 .isr_vector    0x08000000      0x1c4 ./Core/Startup/startup_stm32f446retx.o
                0x08000000                g_pfnVectors
                0x080001c4                        . = ALIGN (0x4)

.text           0x080001c4     0x882c
                0x080001c4                        . = ALIGN (0x4)
 *(.text)
 .text          0x080001c4       0x40 /home/colin/st/stm32cubeide_1.16.1_2/plugins/com.st.stm32cube.ide.mcu.externaltools.gnu-tools-for-stm32.12.3.rel1.linux64_1.0.200.202406132123/tools/bin/../lib/gcc/arm-none-eabi/12.3.1/thumb/v7e-m+fp/hard/crtbegin.o
 .text          0x08000204       0x30 /home/colin/st/stm32cubeide_1.16.1_2/plugins/com.st.stm32cube.ide.mcu.externaltools.gnu-tools-for-stm32.12.3.rel1.linux64_1.0.200.202406132123/tools/bin/../lib/gcc/arm-none-eabi/12.3.1/thumb/v7e-m+fp/hard/libgcc.a(_aeabi_uldivmod.o)
                0x08000204                __aeabi_uldivmod
 .text          0x08000234      0x2bc /home/colin/st/stm32cubeide_1.16.1_2/plugins/com.st.stm32cube.ide.mcu.externaltools.gnu-tools-for-stm32.12.3.rel1.linux64_1.0.200.202406132123/tools/bin/../lib/gcc/arm-none-eabi/12.3.1/thumb/v7e-m+fp/hard/libgcc.a(_udivmoddi4.o)
                0x08000234                __udivmoddi4
 .text          0x080004f0        0x4 /home/colin/st/stm32cubeide_1.16.1_2/plugins/com.st.stm32cube.ide.mcu.externaltools.gnu-tools-for-stm32.12.3.rel1.linux64_1.0.200.202406132123/tools/bin/../lib/gcc/arm-none-eabi/12.3.1/thumb/v7e-m+fp/hard/libgcc.a(_dvmd_tls.o)
                0x080004f0                __aeabi_ldiv0
                0x080004f0                __aeabi_idiv0
 *(.text*)
 .text.main     0x080004f4       0x28 ./Core/Src/main.o
                0x080004f4                main
 .text._Z18SystemClock_Configv
                0x0800051c       0xec ./Core/Src/main.o
                0x0800051c                SystemClock_Config()
 .text._ZL12MX_ADC1_Initv
                0x08000608       0xb8 ./Core/Src/main.o
 .text._ZL12MX_I2C2_Initv
                0x080006c0       0x68 ./Core/Src/main.o
 .text._ZL12MX_SPI1_Initv
                0x08000728       0x78 ./Core/Src/main.o
 .text._ZL13MX_UART4_Initv
                0x080007a0       0x5c ./Core/Src/main.o
 .text._ZL12MX_GPIO_Initv
                0x080007fc      0x1a4 ./Core/Src/main.o
 .text.Error_Handler
                0x080009a0        0xc ./Core/Src/main.o
                0x080009a0                Error_Handler
 .text.HAL_MspInit
                0x080009ac       0x50 ./Core/Src/stm32f4xx_hal_msp.o
                0x080009ac                HAL_MspInit
 .text.HAL_ADC_MspInit
                0x080009fc       0x88 ./Core/Src/stm32f4xx_hal_msp.o
                0x080009fc                HAL_ADC_MspInit
 .text.HAL_I2C_MspInit
                0x08000a84       0xd4 ./Core/Src/stm32f4xx_hal_msp.o
                0x08000a84                HAL_I2C_MspInit
 .text.HAL_SPI_MspInit
                0x08000b58       0x90 ./Core/Src/stm32f4xx_hal_msp.o
                0x08000b58                HAL_SPI_MspInit
 .text.HAL_UART_MspInit
                0x08000be8       0x90 ./Core/Src/stm32f4xx_hal_msp.o
                0x08000be8                HAL_UART_MspInit
 .text.NMI_Handler
                0x08000c78        0x8 ./Core/Src/stm32f4xx_it.o
                0x08000c78                NMI_Handler
 .text.HardFault_Handler
                0x08000c80        0x8 ./Core/Src/stm32f4xx_it.o
                0x08000c80                HardFault_Handler
 .text.MemManage_Handler
                0x08000c88        0x8 ./Core/Src/stm32f4xx_it.o
                0x08000c88                MemManage_Handler
 .text.BusFault_Handler
                0x08000c90        0x8 ./Core/Src/stm32f4xx_it.o
                0x08000c90                BusFault_Handler
 .text.UsageFault_Handler
                0x08000c98        0x8 ./Core/Src/stm32f4xx_it.o
                0x08000c98                UsageFault_Handler
 .text.SVC_Handler
                0x08000ca0        0xe ./Core/Src/stm32f4xx_it.o
                0x08000ca0                SVC_Handler
 .text.DebugMon_Handler
                0x08000cae        0xe ./Core/Src/stm32f4xx_it.o
                0x08000cae                DebugMon_Handler
 .text.PendSV_Handler
                0x08000cbc        0xe ./Core/Src/stm32f4xx_it.o
                0x08000cbc                PendSV_Handler
 .text.SysTick_Handler
                0x08000cca        0xc ./Core/Src/stm32f4xx_it.o
                0x08000cca                SysTick_Handler
 *fill*         0x08000cd6        0x2 
 .text.OTG_FS_IRQHandler
                0x08000cd8       0x14 ./Core/Src/stm32f4xx_it.o
                0x08000cd8                OTG_FS_IRQHandler
 .text.SystemInit
                0x08000cec       0x24 ./Core/Src/system_stm32f4xx.o
                0x08000cec                SystemInit
 .text.Reset_Handler
                0x08000d10       0x50 ./Core/Startup/startup_stm32f446retx.o
                0x08000d10                Reset_Handler
 .text.Default_Handler
                0x08000d60        0x2 ./Core/Startup/startup_stm32f446retx.o
                0x08000d60                RTC_Alarm_IRQHandler
                0x08000d60                EXTI2_IRQHandler
                0x08000d60                TIM8_CC_IRQHandler
                0x08000d60                FMPI2C1_EV_IRQHandler
                0x08000d60                SPI4_IRQHandler
                0x08000d60                TIM1_CC_IRQHandler
                0x08000d60                DMA2_Stream5_IRQHandler
                0x08000d60                DMA1_Stream5_IRQHandler
                0x08000d60                PVD_IRQHandler
                0x08000d60                SDIO_IRQHandler
                0x08000d60                TAMP_STAMP_IRQHandler
                0x08000d60                CAN2_RX1_IRQHandler
                0x08000d60                EXTI3_IRQHandler
                0x08000d60                TIM8_TRG_COM_TIM14_IRQHandler
                0x08000d60                TIM1_UP_TIM10_IRQHandler
                0x08000d60                TIM8_UP_TIM13_IRQHandler
                0x08000d60                I2C3_ER_IRQHandler
                0x08000d60                EXTI0_IRQHandler
                0x08000d60                I2C2_EV_IRQHandler
                0x08000d60                DMA1_Stream2_IRQHandler
                0x08000d60                CAN1_RX0_IRQHandler
                0x08000d60                FPU_IRQHandler
                0x08000d60                OTG_HS_WKUP_IRQHandler
                0x08000d60                CAN2_SCE_IRQHandler
                0x08000d60                DMA2_Stream2_IRQHandler
                0x08000d60                SPI1_IRQHandler
                0x08000d60                TIM6_DAC_IRQHandler
                0x08000d60                TIM1_BRK_TIM9_IRQHandler
                0x08000d60                DCMI_IRQHandler
                0x08000d60                CAN2_RX0_IRQHandler
                0x08000d60                DMA2_Stream3_IRQHandler
                0x08000d60                SAI2_IRQHandler
                0x08000d60                USART6_IRQHandler
                0x08000d60                USART3_IRQHandler
                0x08000d60                CAN1_RX1_IRQHandler
                0x08000d60                UART5_IRQHandler
                0x08000d60                DMA2_Stream0_IRQHandler
                0x08000d60                TIM4_IRQHandler
                0x08000d60                QUADSPI_IRQHandler
                0x08000d60                I2C1_EV_IRQHandler
                0x08000d60                DMA1_Stream6_IRQHandler
                0x08000d60                DMA1_Stream1_IRQHandler
                0x08000d60                UART4_IRQHandler
                0x08000d60                TIM3_IRQHandler
                0x08000d60                RCC_IRQHandler
                0x08000d60                TIM8_BRK_TIM12_IRQHandler
                0x08000d60                Default_Handler
                0x08000d60                CEC_IRQHandler
                0x08000d60                EXTI15_10_IRQHandler
                0x08000d60                ADC_IRQHandler
                0x08000d60                DMA1_Stream7_IRQHandler
                0x08000d60                TIM7_IRQHandler
                0x08000d60                CAN2_TX_IRQHandler
                0x08000d60                TIM5_IRQHandler
                0x08000d60                DMA2_Stream7_IRQHandler
                0x08000d60                I2C3_EV_IRQHandler
                0x08000d60                EXTI9_5_IRQHandler
                0x08000d60                RTC_WKUP_IRQHandler
                0x08000d60                SPDIF_RX_IRQHandler
                0x08000d60                SPI2_IRQHandler
                0x08000d60                OTG_HS_EP1_IN_IRQHandler
                0x08000d60                DMA1_Stream0_IRQHandler
                0x08000d60                CAN1_TX_IRQHandler
                0x08000d60                FMPI2C1_ER_IRQHandler
                0x08000d60                EXTI4_IRQHandler
                0x08000d60                OTG_HS_EP1_OUT_IRQHandler
                0x08000d60                WWDG_IRQHandler
                0x08000d60                TIM2_IRQHandler
                0x08000d60                OTG_FS_WKUP_IRQHandler
                0x08000d60                TIM1_TRG_COM_TIM11_IRQHandler
                0x08000d60                OTG_HS_IRQHandler
                0x08000d60                EXTI1_IRQHandler
                0x08000d60                USART2_IRQHandler
                0x08000d60                I2C2_ER_IRQHandler
                0x08000d60                DMA2_Stream1_IRQHandler
                0x08000d60                CAN1_SCE_IRQHandler
                0x08000d60                FLASH_IRQHandler
                0x08000d60                DMA2_Stream4_IRQHandler
                0x08000d60                USART1_IRQHandler
                0x08000d60                SPI3_IRQHandler
                0x08000d60                DMA1_Stream4_IRQHandler
                0x08000d60                I2C1_ER_IRQHandler
                0x08000d60                FMC_IRQHandler
                0x08000d60                DMA2_Stream6_IRQHandler
                0x08000d60                SAI1_IRQHandler
                0x08000d60                DMA1_Stream3_IRQHandler
 *fill*         0x08000d62        0x2 
 .text.HAL_Init
                0x08000d64       0x44 ./Drivers/STM32F4xx_HAL_Driver/Src/stm32f4xx_hal.o
                0x08000d64                HAL_Init
 .text.HAL_InitTick
                0x08000da8       0x60 ./Drivers/STM32F4xx_HAL_Driver/Src/stm32f4xx_hal.o
                0x08000da8                HAL_InitTick
 .text.HAL_IncTick
                0x08000e08       0x28 ./Drivers/STM32F4xx_HAL_Driver/Src/stm32f4xx_hal.o
                0x08000e08                HAL_IncTick
 .text.HAL_GetTick
                0x08000e30       0x18 ./Drivers/STM32F4xx_HAL_Driver/Src/stm32f4xx_hal.o
                0x08000e30                HAL_GetTick
 .text.HAL_Delay
                0x08000e48       0x48 ./Drivers/STM32F4xx_HAL_Driver/Src/stm32f4xx_hal.o
                0x08000e48                HAL_Delay
 .text.HAL_ADC_Init
                0x08000e90       0x86 ./Drivers/STM32F4xx_HAL_Driver/Src/stm32f4xx_hal_adc.o
                0x08000e90                HAL_ADC_Init
 *fill*         0x08000f16        0x2 
 .text.HAL_ADC_ConfigChannel
                0x08000f18      0x264 ./Drivers/STM32F4xx_HAL_Driver/Src/stm32f4xx_hal_adc.o
                0x08000f18                HAL_ADC_ConfigChannel
 .text.ADC_Init
                0x0800117c      0x1f8 ./Drivers/STM32F4xx_HAL_Driver/Src/stm32f4xx_hal_adc.o
 .text.__NVIC_SetPriorityGrouping
                0x08001374       0x48 ./Drivers/STM32F4xx_HAL_Driver/Src/stm32f4xx_hal_cortex.o
 .text.__NVIC_GetPriorityGrouping
                0x080013bc       0x1c ./Drivers/STM32F4xx_HAL_Driver/Src/stm32f4xx_hal_cortex.o
 .text.__NVIC_EnableIRQ
                0x080013d8       0x3c ./Drivers/STM32F4xx_HAL_Driver/Src/stm32f4xx_hal_cortex.o
 .text.__NVIC_SetPriority
                0x08001414       0x54 ./Drivers/STM32F4xx_HAL_Driver/Src/stm32f4xx_hal_cortex.o
 .text.NVIC_EncodePriority
                0x08001468       0x66 ./Drivers/STM32F4xx_HAL_Driver/Src/stm32f4xx_hal_cortex.o
 *fill*         0x080014ce        0x2 
 .text.SysTick_Config
                0x080014d0       0x44 ./Drivers/STM32F4xx_HAL_Driver/Src/stm32f4xx_hal_cortex.o
 .text.HAL_NVIC_SetPriorityGrouping
                0x08001514       0x16 ./Drivers/STM32F4xx_HAL_Driver/Src/stm32f4xx_hal_cortex.o
                0x08001514                HAL_NVIC_SetPriorityGrouping
 .text.HAL_NVIC_SetPriority
                0x0800152a       0x38 ./Drivers/STM32F4xx_HAL_Driver/Src/stm32f4xx_hal_cortex.o
                0x0800152a                HAL_NVIC_SetPriority
 .text.HAL_NVIC_EnableIRQ
                0x08001562       0x1c ./Drivers/STM32F4xx_HAL_Driver/Src/stm32f4xx_hal_cortex.o
                0x08001562                HAL_NVIC_EnableIRQ
 .text.HAL_SYSTICK_Config
                0x0800157e       0x18 ./Drivers/STM32F4xx_HAL_Driver/Src/stm32f4xx_hal_cortex.o
                0x0800157e                HAL_SYSTICK_Config
 *fill*         0x08001596        0x2 
 .text.HAL_GPIO_Init
                0x08001598      0x328 ./Drivers/STM32F4xx_HAL_Driver/Src/stm32f4xx_hal_gpio.o
                0x08001598                HAL_GPIO_Init
 .text.HAL_GPIO_WritePin
                0x080018c0       0x32 ./Drivers/STM32F4xx_HAL_Driver/Src/stm32f4xx_hal_gpio.o
                0x080018c0                HAL_GPIO_WritePin
 *fill*         0x080018f2        0x2 
 .text.HAL_I2C_Init
                0x080018f4      0x288 ./Drivers/STM32F4xx_HAL_Driver/Src/stm32f4xx_hal_i2c.o
                0x080018f4                HAL_I2C_Init
 .text.HAL_PCD_Init
                0x08001b7c      0x22c ./Drivers/STM32F4xx_HAL_Driver/Src/stm32f4xx_hal_pcd.o
                0x08001b7c                HAL_PCD_Init
 .text.HAL_PCD_Start
                0x08001da8       0x6a ./Drivers/STM32F4xx_HAL_Driver/Src/stm32f4xx_hal_pcd.o
                0x08001da8                HAL_PCD_Start
 .text.HAL_PCD_IRQHandler
                0x08001e12      0x99c ./Drivers/STM32F4xx_HAL_Driver/Src/stm32f4xx_hal_pcd.o
                0x08001e12                HAL_PCD_IRQHandler
 .text.HAL_PCD_SetAddress
                0x080027ae       0x48 ./Drivers/STM32F4xx_HAL_Driver/Src/stm32f4xx_hal_pcd.o
                0x080027ae                HAL_PCD_SetAddress
 .text.HAL_PCD_EP_Open
                0x080027f6       0xd4 ./Drivers/STM32F4xx_HAL_Driver/Src/stm32f4xx_hal_pcd.o
                0x080027f6                HAL_PCD_EP_Open
 .text.HAL_PCD_EP_Close
                0x080028ca       0x94 ./Drivers/STM32F4xx_HAL_Driver/Src/stm32f4xx_hal_pcd.o
                0x080028ca                HAL_PCD_EP_Close
 .text.HAL_PCD_EP_Receive
                0x0800295e       0x76 ./Drivers/STM32F4xx_HAL_Driver/Src/stm32f4xx_hal_pcd.o
                0x0800295e                HAL_PCD_EP_Receive
 .text.HAL_PCD_EP_GetRxCount
                0x080029d4       0x30 ./Drivers/STM32F4xx_HAL_Driver/Src/stm32f4xx_hal_pcd.o
                0x080029d4                HAL_PCD_EP_GetRxCount
 .text.HAL_PCD_EP_Transmit
                0x08002a04       0x74 ./Drivers/STM32F4xx_HAL_Driver/Src/stm32f4xx_hal_pcd.o
                0x08002a04                HAL_PCD_EP_Transmit
 .text.HAL_PCD_EP_SetStall
                0x08002a78       0xc6 ./Drivers/STM32F4xx_HAL_Driver/Src/stm32f4xx_hal_pcd.o
                0x08002a78                HAL_PCD_EP_SetStall
 .text.HAL_PCD_EP_ClrStall
                0x08002b3e       0xac ./Drivers/STM32F4xx_HAL_Driver/Src/stm32f4xx_hal_pcd.o
                0x08002b3e                HAL_PCD_EP_ClrStall
 .text.HAL_PCD_EP_Abort
                0x08002bea       0x62 ./Drivers/STM32F4xx_HAL_Driver/Src/stm32f4xx_hal_pcd.o
                0x08002bea                HAL_PCD_EP_Abort
 .text.PCD_WriteEmptyTxFifo
                0x08002c4c      0x118 ./Drivers/STM32F4xx_HAL_Driver/Src/stm32f4xx_hal_pcd.o
 .text.PCD_EP_OutXfrComplete_int
                0x08002d64      0x1d0 ./Drivers/STM32F4xx_HAL_Driver/Src/stm32f4xx_hal_pcd.o
 .text.PCD_EP_OutSetupPacket_int
                0x08002f34       0x8c ./Drivers/STM32F4xx_HAL_Driver/Src/stm32f4xx_hal_pcd.o
 .text.HAL_PCDEx_SetTxFiFo
                0x08002fc0       0x8e ./Drivers/STM32F4xx_HAL_Driver/Src/stm32f4xx_hal_pcd_ex.o
                0x08002fc0                HAL_PCDEx_SetTxFiFo
 .text.HAL_PCDEx_SetRxFiFo
                0x0800304e       0x22 ./Drivers/STM32F4xx_HAL_Driver/Src/stm32f4xx_hal_pcd_ex.o
                0x0800304e                HAL_PCDEx_SetRxFiFo
 .text.HAL_PCDEx_ActivateLPM
                0x08003070       0x48 ./Drivers/STM32F4xx_HAL_Driver/Src/stm32f4xx_hal_pcd_ex.o
                0x08003070                HAL_PCDEx_ActivateLPM
 .text.HAL_RCC_ClockConfig
                0x080030b8      0x1cc ./Drivers/STM32F4xx_HAL_Driver/Src/stm32f4xx_hal_rcc.o
                0x080030b8                HAL_RCC_ClockConfig
 .text.HAL_RCC_GetHCLKFreq
                0x08003284       0x18 ./Drivers/STM32F4xx_HAL_Driver/Src/stm32f4xx_hal_rcc.o
                0x08003284                HAL_RCC_GetHCLKFreq
 .text.HAL_RCC_GetPCLK1Freq
                0x0800329c       0x28 ./Drivers/STM32F4xx_HAL_Driver/Src/stm32f4xx_hal_rcc.o
                0x0800329c                HAL_RCC_GetPCLK1Freq
 .text.HAL_RCC_GetPCLK2Freq
                0x080032c4       0x28 ./Drivers/STM32F4xx_HAL_Driver/Src/stm32f4xx_hal_rcc.o
                0x080032c4                HAL_RCC_GetPCLK2Freq
 .text.HAL_RCCEx_PeriphCLKConfig
                0x080032ec      0x654 ./Drivers/STM32F4xx_HAL_Driver/Src/stm32f4xx_hal_rcc_ex.o
                0x080032ec                HAL_RCCEx_PeriphCLKConfig
 .text.HAL_RCC_GetSysClockFreq
                0x08003940      0x354 ./Drivers/STM32F4xx_HAL_Driver/Src/stm32f4xx_hal_rcc_ex.o
                0x08003940                HAL_RCC_GetSysClockFreq
 .text.HAL_RCC_OscConfig
                0x08003c94      0x53c ./Drivers/STM32F4xx_HAL_Driver/Src/stm32f4xx_hal_rcc_ex.o
                0x08003c94                HAL_RCC_OscConfig
 .text.HAL_SPI_Init
                0x080041d0      0x112 ./Drivers/STM32F4xx_HAL_Driver/Src/stm32f4xx_hal_spi.o
                0x080041d0                HAL_SPI_Init
 .text.HAL_UART_Init
                0x080042e2       0xa0 ./Drivers/STM32F4xx_HAL_Driver/Src/stm32f4xx_hal_uart.o
                0x080042e2                HAL_UART_Init
 *fill*         0x08004382        0x2 
 .text.UART_SetConfig
                0x08004384      0x4e8 ./Drivers/STM32F4xx_HAL_Driver/Src/stm32f4xx_hal_uart.o
 .text.USB_CoreInit
                0x0800486c       0xc8 ./Drivers/STM32F4xx_HAL_Driver/Src/stm32f4xx_ll_usb.o
                0x0800486c                USB_CoreInit
 .text.USB_SetTurnaroundTime
                0x08004934      0x144 ./Drivers/STM32F4xx_HAL_Driver/Src/stm32f4xx_ll_usb.o
                0x08004934                USB_SetTurnaroundTime
 .text.USB_EnableGlobalInt
                0x08004a78       0x22 ./Drivers/STM32F4xx_HAL_Driver/Src/stm32f4xx_ll_usb.o
                0x08004a78                USB_EnableGlobalInt
 .text.USB_DisableGlobalInt
                0x08004a9a       0x22 ./Drivers/STM32F4xx_HAL_Driver/Src/stm32f4xx_ll_usb.o
                0x08004a9a                USB_DisableGlobalInt
 .text.USB_SetCurrentMode
                0x08004abc       0x98 ./Drivers/STM32F4xx_HAL_Driver/Src/stm32f4xx_ll_usb.o
                0x08004abc                USB_SetCurrentMode
 .text.USB_DevInit
                0x08004b54      0x2bc ./Drivers/STM32F4xx_HAL_Driver/Src/stm32f4xx_ll_usb.o
                0x08004b54                USB_DevInit
 .text.USB_FlushTxFifo
                0x08004e10       0x64 ./Drivers/STM32F4xx_HAL_Driver/Src/stm32f4xx_ll_usb.o
                0x08004e10                USB_FlushTxFifo
 .text.USB_FlushRxFifo
                0x08004e74       0x5c ./Drivers/STM32F4xx_HAL_Driver/Src/stm32f4xx_ll_usb.o
                0x08004e74                USB_FlushRxFifo
 .text.USB_SetDevSpeed
                0x08004ed0       0x32 ./Drivers/STM32F4xx_HAL_Driver/Src/stm32f4xx_ll_usb.o
                0x08004ed0                USB_SetDevSpeed
 .text.USB_GetDevSpeed
                0x08004f02       0x4a ./Drivers/STM32F4xx_HAL_Driver/Src/stm32f4xx_ll_usb.o
                0x08004f02                USB_GetDevSpeed
 .text.USB_ActivateEndpoint
                0x08004f4c      0x10e ./Drivers/STM32F4xx_HAL_Driver/Src/stm32f4xx_ll_usb.o
                0x08004f4c                USB_ActivateEndpoint
 *fill*         0x0800505a        0x2 
 .text.USB_DeactivateEndpoint
                0x0800505c      0x1b8 ./Drivers/STM32F4xx_HAL_Driver/Src/stm32f4xx_ll_usb.o
                0x0800505c                USB_DeactivateEndpoint
 .text.USB_EPStartXfer
                0x08005214      0x53c ./Drivers/STM32F4xx_HAL_Driver/Src/stm32f4xx_ll_usb.o
                0x08005214                USB_EPStartXfer
 .text.USB_EPStopXfer
                0x08005750      0x154 ./Drivers/STM32F4xx_HAL_Driver/Src/stm32f4xx_ll_usb.o
                0x08005750                USB_EPStopXfer
 .text.USB_WritePacket
                0x080058a4       0x7c ./Drivers/STM32F4xx_HAL_Driver/Src/stm32f4xx_ll_usb.o
                0x080058a4                USB_WritePacket
 .text.USB_ReadPacket
                0x08005920       0xb0 ./Drivers/STM32F4xx_HAL_Driver/Src/stm32f4xx_ll_usb.o
                0x08005920                USB_ReadPacket
 .text.USB_EPSetStall
                0x080059d0       0xdc ./Drivers/STM32F4xx_HAL_Driver/Src/stm32f4xx_ll_usb.o
                0x080059d0                USB_EPSetStall
 .text.USB_EPClearStall
                0x08005aac       0xcc ./Drivers/STM32F4xx_HAL_Driver/Src/stm32f4xx_ll_usb.o
                0x08005aac                USB_EPClearStall
 .text.USB_SetDevAddress
                0x08005b78       0x4c ./Drivers/STM32F4xx_HAL_Driver/Src/stm32f4xx_ll_usb.o
                0x08005b78                USB_SetDevAddress
 .text.USB_DevConnect
                0x08005bc4       0x42 ./Drivers/STM32F4xx_HAL_Driver/Src/stm32f4xx_ll_usb.o
                0x08005bc4                USB_DevConnect
 .text.USB_DevDisconnect
                0x08005c06       0x42 ./Drivers/STM32F4xx_HAL_Driver/Src/stm32f4xx_ll_usb.o
                0x08005c06                USB_DevDisconnect
 .text.USB_ReadInterrupts
                0x08005c48       0x26 ./Drivers/STM32F4xx_HAL_Driver/Src/stm32f4xx_ll_usb.o
                0x08005c48                USB_ReadInterrupts
 .text.USB_ReadDevAllOutEpInterrupt
                0x08005c6e       0x34 ./Drivers/STM32F4xx_HAL_Driver/Src/stm32f4xx_ll_usb.o
                0x08005c6e                USB_ReadDevAllOutEpInterrupt
 .text.USB_ReadDevAllInEpInterrupt
                0x08005ca2       0x34 ./Drivers/STM32F4xx_HAL_Driver/Src/stm32f4xx_ll_usb.o
                0x08005ca2                USB_ReadDevAllInEpInterrupt
 .text.USB_ReadDevOutEPInterrupt
                0x08005cd6       0x3c ./Drivers/STM32F4xx_HAL_Driver/Src/stm32f4xx_ll_usb.o
                0x08005cd6                USB_ReadDevOutEPInterrupt
 .text.USB_ReadDevInEPInterrupt
                0x08005d12       0x5c ./Drivers/STM32F4xx_HAL_Driver/Src/stm32f4xx_ll_usb.o
                0x08005d12                USB_ReadDevInEPInterrupt
 .text.USB_GetMode
                0x08005d6e       0x1c ./Drivers/STM32F4xx_HAL_Driver/Src/stm32f4xx_ll_usb.o
                0x08005d6e                USB_GetMode
 .text.USB_ActivateSetup
                0x08005d8a       0x46 ./Drivers/STM32F4xx_HAL_Driver/Src/stm32f4xx_ll_usb.o
                0x08005d8a                USB_ActivateSetup
 .text.USB_EP0_OutStart
                0x08005dd0       0xbc ./Drivers/STM32F4xx_HAL_Driver/Src/stm32f4xx_ll_usb.o
                0x08005dd0                USB_EP0_OutStart
 .text.USB_CoreReset
                0x08005e8c       0x70 ./Drivers/STM32F4xx_HAL_Driver/Src/stm32f4xx_ll_usb.o
 .text.USBD_CDC_Init
                0x08005efc      0x1f0 ./Middlewares/ST/STM32_USB_Device_Library/Class/CDC/Src/usbd_cdc.o
 .text.USBD_CDC_DeInit
                0x080060ec      0x104 ./Middlewares/ST/STM32_USB_Device_Library/Class/CDC/Src/usbd_cdc.o
 .text.USBD_CDC_Setup
                0x080061f0      0x1b8 ./Middlewares/ST/STM32_USB_Device_Library/Class/CDC/Src/usbd_cdc.o
 .text.USBD_CDC_DataIn
                0x080063a8       0xfe ./Middlewares/ST/STM32_USB_Device_Library/Class/CDC/Src/usbd_cdc.o
 .text.USBD_CDC_DataOut
                0x080064a6       0x70 ./Middlewares/ST/STM32_USB_Device_Library/Class/CDC/Src/usbd_cdc.o
 .text.USBD_CDC_EP0_RxReady
                0x08006516       0x74 ./Middlewares/ST/STM32_USB_Device_Library/Class/CDC/Src/usbd_cdc.o
 *fill*         0x0800658a        0x2 
 .text.USBD_CDC_GetFSCfgDesc
                0x0800658c       0x70 ./Middlewares/ST/STM32_USB_Device_Library/Class/CDC/Src/usbd_cdc.o
 .text.USBD_CDC_GetHSCfgDesc
                0x080065fc       0x70 ./Middlewares/ST/STM32_USB_Device_Library/Class/CDC/Src/usbd_cdc.o
 .text.USBD_CDC_GetOtherSpeedCfgDesc
                0x0800666c       0x70 ./Middlewares/ST/STM32_USB_Device_Library/Class/CDC/Src/usbd_cdc.o
 .text.USBD_CDC_GetDeviceQualifierDescriptor
                0x080066dc       0x20 ./Middlewares/ST/STM32_USB_Device_Library/Class/CDC/Src/usbd_cdc.o
                0x080066dc                USBD_CDC_GetDeviceQualifierDescriptor
 .text.USBD_CDC_RegisterInterface
                0x080066fc       0x34 ./Middlewares/ST/STM32_USB_Device_Library/Class/CDC/Src/usbd_cdc.o
                0x080066fc                USBD_CDC_RegisterInterface
 .text.USBD_CDC_SetTxBuffer
                0x08006730       0x44 ./Middlewares/ST/STM32_USB_Device_Library/Class/CDC/Src/usbd_cdc.o
                0x08006730                USBD_CDC_SetTxBuffer
 .text.USBD_CDC_SetRxBuffer
                0x08006774       0x3a ./Middlewares/ST/STM32_USB_Device_Library/Class/CDC/Src/usbd_cdc.o
                0x08006774                USBD_CDC_SetRxBuffer
 *fill*         0x080067ae        0x2 
 .text.USBD_CDC_ReceivePacket
                0x080067b0       0x6c ./Middlewares/ST/STM32_USB_Device_Library/Class/CDC/Src/usbd_cdc.o
                0x080067b0                USBD_CDC_ReceivePacket
 .text.USBD_Init
                0x0800681c       0x60 ./Middlewares/ST/STM32_USB_Device_Library/Core/Src/usbd_core.o
                0x0800681c                USBD_Init
 .text.USBD_RegisterClass
                0x0800687c       0x6c ./Middlewares/ST/STM32_USB_Device_Library/Core/Src/usbd_core.o
                0x0800687c                USBD_RegisterClass
 .text.USBD_Start
                0x080068e8       0x18 ./Middlewares/ST/STM32_USB_Device_Library/Core/Src/usbd_core.o
                0x080068e8                USBD_Start
 .text.USBD_RunTestMode
                0x08006900       0x16 ./Middlewares/ST/STM32_USB_Device_Library/Core/Src/usbd_core.o
                0x08006900                USBD_RunTestMode
 .text.USBD_SetClassConfig
                0x08006916       0x38 ./Middlewares/ST/STM32_USB_Device_Library/Core/Src/usbd_core.o
                0x08006916                USBD_SetClassConfig
 .text.USBD_ClrClassConfig
                0x0800694e       0x34 ./Middlewares/ST/STM32_USB_Device_Library/Core/Src/usbd_core.o
                0x0800694e                USBD_ClrClassConfig
 .text.USBD_LL_SetupStage
                0x08006982       0xaa ./Middlewares/ST/STM32_USB_Device_Library/Core/Src/usbd_core.o
                0x08006982                USBD_LL_SetupStage
 .text.USBD_LL_DataOutStage
                0x08006a2c      0x178 ./Middlewares/ST/STM32_USB_Device_Library/Core/Src/usbd_core.o
                0x08006a2c                USBD_LL_DataOutStage
 .text.USBD_LL_DataInStage
                0x08006ba4      0x176 ./Middlewares/ST/STM32_USB_Device_Library/Core/Src/usbd_core.o
                0x08006ba4                USBD_LL_DataInStage
 .text.USBD_LL_Reset
                0x08006d1a       0xa6 ./Middlewares/ST/STM32_USB_Device_Library/Core/Src/usbd_core.o
                0x08006d1a                USBD_LL_Reset
 .text.USBD_LL_SetSpeed
                0x08006dc0       0x20 ./Middlewares/ST/STM32_USB_Device_Library/Core/Src/usbd_core.o
                0x08006dc0                USBD_LL_SetSpeed
 .text.USBD_LL_Suspend
                0x08006de0       0x38 ./Middlewares/ST/STM32_USB_Device_Library/Core/Src/usbd_core.o
                0x08006de0                USBD_LL_Suspend
 .text.USBD_LL_Resume
                0x08006e18       0x30 ./Middlewares/ST/STM32_USB_Device_Library/Core/Src/usbd_core.o
                0x08006e18                USBD_LL_Resume
 .text.USBD_LL_SOF
                0x08006e48       0x40 ./Middlewares/ST/STM32_USB_Device_Library/Core/Src/usbd_core.o
                0x08006e48                USBD_LL_SOF
 .text.USBD_LL_IsoINIncomplete
                0x08006e88       0x64 ./Middlewares/ST/STM32_USB_Device_Library/Core/Src/usbd_core.o
                0x08006e88                USBD_LL_IsoINIncomplete
 .text.USBD_LL_IsoOUTIncomplete
                0x08006eec       0x64 ./Middlewares/ST/STM32_USB_Device_Library/Core/Src/usbd_core.o
                0x08006eec                USBD_LL_IsoOUTIncomplete
 .text.USBD_LL_DevConnected
                0x08006f50       0x16 ./Middlewares/ST/STM32_USB_Device_Library/Core/Src/usbd_core.o
                0x08006f50                USBD_LL_DevConnected
 .text.USBD_LL_DevDisconnected
                0x08006f66       0x46 ./Middlewares/ST/STM32_USB_Device_Library/Core/Src/usbd_core.o
                0x08006f66                USBD_LL_DevDisconnected
 .text.USBD_CoreFindIF
                0x08006fac       0x1a ./Middlewares/ST/STM32_USB_Device_Library/Core/Src/usbd_core.o
                0x08006fac                USBD_CoreFindIF
 .text.USBD_CoreFindEP
                0x08006fc6       0x1a ./Middlewares/ST/STM32_USB_Device_Library/Core/Src/usbd_core.o
                0x08006fc6                USBD_CoreFindEP
 .text.USBD_GetEpDesc
                0x08006fe0       0x70 ./Middlewares/ST/STM32_USB_Device_Library/Core/Src/usbd_core.o
                0x08006fe0                USBD_GetEpDesc
 .text.USBD_GetNextDesc
                0x08007050       0x38 ./Middlewares/ST/STM32_USB_Device_Library/Core/Src/usbd_core.o
                0x08007050                USBD_GetNextDesc
 .text.SWAPBYTE
                0x08007088       0x3c ./Middlewares/ST/STM32_USB_Device_Library/Core/Src/usbd_ctlreq.o
 .text.USBD_StdDevReq
                0x080070c4       0xe4 ./Middlewares/ST/STM32_USB_Device_Library/Core/Src/usbd_ctlreq.o
                0x080070c4                USBD_StdDevReq
 .text.USBD_StdItfReq
                0x080071a8       0xd8 ./Middlewares/ST/STM32_USB_Device_Library/Core/Src/usbd_ctlreq.o
                0x080071a8                USBD_StdItfReq
 .text.USBD_StdEPReq
                0x08007280      0x33e ./Middlewares/ST/STM32_USB_Device_Library/Core/Src/usbd_ctlreq.o
                0x08007280                USBD_StdEPReq
 *fill*         0x080075be        0x2 
 .text.USBD_GetDescriptor
                0x080075c0      0x328 ./Middlewares/ST/STM32_USB_Device_Library/Core/Src/usbd_ctlreq.o
 .text.USBD_SetAddress
                0x080078e8       0x88 ./Middlewares/ST/STM32_USB_Device_Library/Core/Src/usbd_ctlreq.o
 .text.USBD_SetConfig
                0x08007970      0x154 ./Middlewares/ST/STM32_USB_Device_Library/Core/Src/usbd_ctlreq.o
 .text.USBD_GetConfig
                0x08007ac4       0x6c ./Middlewares/ST/STM32_USB_Device_Library/Core/Src/usbd_ctlreq.o
 .text.USBD_GetStatus
                0x08007b30       0x68 ./Middlewares/ST/STM32_USB_Device_Library/Core/Src/usbd_ctlreq.o
 .text.USBD_SetFeature
                0x08007b98       0x52 ./Middlewares/ST/STM32_USB_Device_Library/Core/Src/usbd_ctlreq.o
 .text.USBD_ClrFeature
                0x08007bea       0x44 ./Middlewares/ST/STM32_USB_Device_Library/Core/Src/usbd_ctlreq.o
 .text.USBD_ParseSetupRequest
                0x08007c2e       0x74 ./Middlewares/ST/STM32_USB_Device_Library/Core/Src/usbd_ctlreq.o
                0x08007c2e                USBD_ParseSetupRequest
 .text.USBD_CtlError
                0x08007ca2       0x22 ./Middlewares/ST/STM32_USB_Device_Library/Core/Src/usbd_ctlreq.o
                0x08007ca2                USBD_CtlError
 .text.USBD_GetString
                0x08007cc4       0xa4 ./Middlewares/ST/STM32_USB_Device_Library/Core/Src/usbd_ctlreq.o
                0x08007cc4                USBD_GetString
 .text.USBD_GetLen
                0x08007d68       0x34 ./Middlewares/ST/STM32_USB_Device_Library/Core/Src/usbd_ctlreq.o
 .text.USBD_CtlSendData
                0x08007d9c       0x3c ./Middlewares/ST/STM32_USB_Device_Library/Core/Src/usbd_ioreq.o
                0x08007d9c                USBD_CtlSendData
 .text.USBD_CtlContinueSendData
                0x08007dd8       0x22 ./Middlewares/ST/STM32_USB_Device_Library/Core/Src/usbd_ioreq.o
                0x08007dd8                USBD_CtlContinueSendData
 .text.USBD_CtlPrepareRx
                0x08007dfa       0x42 ./Middlewares/ST/STM32_USB_Device_Library/Core/Src/usbd_ioreq.o
                0x08007dfa                USBD_CtlPrepareRx
 .text.USBD_CtlContinueRx
                0x08007e3c       0x22 ./Middlewares/ST/STM32_USB_Device_Library/Core/Src/usbd_ioreq.o
                0x08007e3c                USBD_CtlContinueRx
 .text.USBD_CtlSendStatus
                0x08007e5e       0x26 ./Middlewares/ST/STM32_USB_Device_Library/Core/Src/usbd_ioreq.o
                0x08007e5e                USBD_CtlSendStatus
 .text.USBD_CtlReceiveStatus
                0x08007e84       0x26 ./Middlewares/ST/STM32_USB_Device_Library/Core/Src/usbd_ioreq.o
                0x08007e84                USBD_CtlReceiveStatus
 *fill*         0x08007eaa        0x2 
 .text.MX_USB_DEVICE_Init
                0x08007eac       0x60 ./USB_DEVICE/App/usb_device.o
                0x08007eac                MX_USB_DEVICE_Init
 .text.CDC_Init_FS
                0x08007f0c       0x28 ./USB_DEVICE/App/usbd_cdc_if.o
 .text.CDC_DeInit_FS
                0x08007f34       0x10 ./USB_DEVICE/App/usbd_cdc_if.o
 .text.CDC_Control_FS
                0x08007f44       0xbc ./USB_DEVICE/App/usbd_cdc_if.o
 .text.CDC_Receive_FS
                0x08008000       0x28 ./USB_DEVICE/App/usbd_cdc_if.o
 .text.CDC_TransmitCplt_FS
                0x08008028       0x22 ./USB_DEVICE/App/usbd_cdc_if.o
 *fill*         0x0800804a        0x2 
 .text.USBD_FS_DeviceDescriptor
                0x0800804c       0x24 ./USB_DEVICE/App/usbd_desc.o
                0x0800804c                USBD_FS_DeviceDescriptor
 .text.USBD_FS_LangIDStrDescriptor
                0x08008070       0x24 ./USB_DEVICE/App/usbd_desc.o
                0x08008070                USBD_FS_LangIDStrDescriptor
 .text.USBD_FS_ProductStrDescriptor
                0x08008094       0x3c ./USB_DEVICE/App/usbd_desc.o
                0x08008094                USBD_FS_ProductStrDescriptor
 .text.USBD_FS_ManufacturerStrDescriptor
                0x080080d0       0x28 ./USB_DEVICE/App/usbd_desc.o
                0x080080d0                USBD_FS_ManufacturerStrDescriptor
 .text.USBD_FS_SerialStrDescriptor
                0x080080f8       0x24 ./USB_DEVICE/App/usbd_desc.o
                0x080080f8                USBD_FS_SerialStrDescriptor
 .text.USBD_FS_ConfigStrDescriptor
                0x0800811c       0x3c ./USB_DEVICE/App/usbd_desc.o
                0x0800811c                USBD_FS_ConfigStrDescriptor
 .text.USBD_FS_InterfaceStrDescriptor
                0x08008158       0x3c ./USB_DEVICE/App/usbd_desc.o
                0x08008158                USBD_FS_InterfaceStrDescriptor
 .text.USBD_FS_USR_BOSDescriptor
                0x08008194       0x24 ./USB_DEVICE/App/usbd_desc.o
                0x08008194                USBD_FS_USR_BOSDescriptor
 .text.Get_SerialNum
                0x080081b8       0x58 ./USB_DEVICE/App/usbd_desc.o
 .text.IntToUnicode
                0x08008210       0x7e ./USB_DEVICE/App/usbd_desc.o
 *fill*         0x0800828e        0x2 
 .text.HAL_PCD_MspInit
                0x08008290       0xd4 ./USB_DEVICE/Target/usbd_conf.o
                0x08008290                HAL_PCD_MspInit
 .text.HAL_PCD_SetupStageCallback
                0x08008364       0x24 ./USB_DEVICE/Target/usbd_conf.o
                0x08008364                HAL_PCD_SetupStageCallback
 .text.HAL_PCD_DataOutStageCallback
                0x08008388       0x36 ./USB_DEVICE/Target/usbd_conf.o
                0x08008388                HAL_PCD_DataOutStageCallback
 .text.HAL_PCD_DataInStageCallback
                0x080083be       0x34 ./USB_DEVICE/Target/usbd_conf.o
                0x080083be                HAL_PCD_DataInStageCallback
 .text.HAL_PCD_SOFCallback
                0x080083f2       0x1c ./USB_DEVICE/Target/usbd_conf.o
                0x080083f2                HAL_PCD_SOFCallback
 .text.HAL_PCD_ResetCallback
                0x0800840e       0x50 ./USB_DEVICE/Target/usbd_conf.o
                0x0800840e                HAL_PCD_ResetCallback
 *fill*         0x0800845e        0x2 
 .text.HAL_PCD_SuspendCallback
                0x08008460       0x4c ./USB_DEVICE/Target/usbd_conf.o
                0x08008460                HAL_PCD_SuspendCallback
 .text.HAL_PCD_ResumeCallback
                0x080084ac       0x1c ./USB_DEVICE/Target/usbd_conf.o
                0x080084ac                HAL_PCD_ResumeCallback
 .text.HAL_PCD_ISOOUTIncompleteCallback
                0x080084c8       0x24 ./USB_DEVICE/Target/usbd_conf.o
                0x080084c8                HAL_PCD_ISOOUTIncompleteCallback
 .text.HAL_PCD_ISOINIncompleteCallback
                0x080084ec       0x24 ./USB_DEVICE/Target/usbd_conf.o
                0x080084ec                HAL_PCD_ISOINIncompleteCallback
 .text.HAL_PCD_ConnectCallback
                0x08008510       0x1c ./USB_DEVICE/Target/usbd_conf.o
                0x08008510                HAL_PCD_ConnectCallback
 .text.HAL_PCD_DisconnectCallback
                0x0800852c       0x1c ./USB_DEVICE/Target/usbd_conf.o
                0x0800852c                HAL_PCD_DisconnectCallback
 .text.USBD_LL_Init
                0x08008548       0x98 ./USB_DEVICE/Target/usbd_conf.o
                0x08008548                USBD_LL_Init
 .text.USBD_LL_Start
                0x080085e0       0x36 ./USB_DEVICE/Target/usbd_conf.o
                0x080085e0                USBD_LL_Start
 .text.USBD_LL_OpenEP
                0x08008616       0x4c ./USB_DEVICE/Target/usbd_conf.o
                0x08008616                USBD_LL_OpenEP
 .text.USBD_LL_CloseEP
                0x08008662       0x3e ./USB_DEVICE/Target/usbd_conf.o
                0x08008662                USBD_LL_CloseEP
 .text.USBD_LL_StallEP
                0x080086a0       0x3e ./USB_DEVICE/Target/usbd_conf.o
                0x080086a0                USBD_LL_StallEP
 .text.USBD_LL_ClearStallEP
                0x080086de       0x3e ./USB_DEVICE/Target/usbd_conf.o
                0x080086de                USBD_LL_ClearStallEP
 .text.USBD_LL_IsStallEP
                0x0800871c       0x58 ./USB_DEVICE/Target/usbd_conf.o
                0x0800871c                USBD_LL_IsStallEP
 .text.USBD_LL_SetUSBAddress
                0x08008774       0x3e ./USB_DEVICE/Target/usbd_conf.o
                0x08008774                USBD_LL_SetUSBAddress
 .text.USBD_LL_Transmit
                0x080087b2       0x42 ./USB_DEVICE/Target/usbd_conf.o
                0x080087b2                USBD_LL_Transmit
 .text.USBD_LL_PrepareReceive
                0x080087f4       0x42 ./USB_DEVICE/Target/usbd_conf.o
                0x080087f4                USBD_LL_PrepareReceive
 .text.USBD_LL_GetRxDataSize
                0x08008836       0x26 ./USB_DEVICE/Target/usbd_conf.o
                0x08008836                USBD_LL_GetRxDataSize
 .text.HAL_PCDEx_LPM_Callback
                0x0800885c       0x9c ./USB_DEVICE/Target/usbd_conf.o
                0x0800885c                HAL_PCDEx_LPM_Callback
 .text.USBD_static_malloc
                0x080088f8       0x1c ./USB_DEVICE/Target/usbd_conf.o
                0x080088f8                USBD_static_malloc
 .text.USBD_static_free
                0x08008914       0x14 ./USB_DEVICE/Target/usbd_conf.o
                0x08008914                USBD_static_free
 .text.USBD_Get_USB_Status
                0x08008928       0x58 ./USB_DEVICE/Target/usbd_conf.o
                0x08008928                USBD_Get_USB_Status
 .text.memset   0x08008980       0x10 /home/colin/st/stm32cubeide_1.16.1_2/plugins/com.st.stm32cube.ide.mcu.externaltools.gnu-tools-for-stm32.12.3.rel1.linux64_1.0.200.202406132123/tools/bin/../lib/gcc/arm-none-eabi/12.3.1/../../../../arm-none-eabi/lib/thumb/v7e-m+fp/hard/libc_nano.a(libc_a-memset.o)
                0x08008980                memset
 .text.__libc_init_array
                0x08008990       0x48 /home/colin/st/stm32cubeide_1.16.1_2/plugins/com.st.stm32cube.ide.mcu.externaltools.gnu-tools-for-stm32.12.3.rel1.linux64_1.0.200.202406132123/tools/bin/../lib/gcc/arm-none-eabi/12.3.1/../../../../arm-none-eabi/lib/thumb/v7e-m+fp/hard/libc_nano.a(libc_a-init.o)
                0x08008990                __libc_init_array
 *(.glue_7)
 .glue_7        0x080089d8        0x0 linker stubs
 *(.glue_7t)
 .glue_7t       0x080089d8        0x0 linker stubs
 *(.eh_frame)
 .eh_frame      0x080089d8        0x0 /home/colin/st/stm32cubeide_1.16.1_2/plugins/com.st.stm32cube.ide.mcu.externaltools.gnu-tools-for-stm32.12.3.rel1.linux64_1.0.200.202406132123/tools/bin/../lib/gcc/arm-none-eabi/12.3.1/thumb/v7e-m+fp/hard/crtbegin.o
 *(.init)
 .init          0x080089d8        0x4 /home/colin/st/stm32cubeide_1.16.1_2/plugins/com.st.stm32cube.ide.mcu.externaltools.gnu-tools-for-stm32.12.3.rel1.linux64_1.0.200.202406132123/tools/bin/../lib/gcc/arm-none-eabi/12.3.1/thumb/v7e-m+fp/hard/crti.o
                0x080089d8                _init
 .init          0x080089dc        0x8 /home/colin/st/stm32cubeide_1.16.1_2/plugins/com.st.stm32cube.ide.mcu.externaltools.gnu-tools-for-stm32.12.3.rel1.linux64_1.0.200.202406132123/tools/bin/../lib/gcc/arm-none-eabi/12.3.1/thumb/v7e-m+fp/hard/crtn.o
 *(.fini)
 .fini          0x080089e4        0x4 /home/colin/st/stm32cubeide_1.16.1_2/plugins/com.st.stm32cube.ide.mcu.externaltools.gnu-tools-for-stm32.12.3.rel1.linux64_1.0.200.202406132123/tools/bin/../lib/gcc/arm-none-eabi/12.3.1/thumb/v7e-m+fp/hard/crti.o
                0x080089e4                _fini
 .fini          0x080089e8        0x8 /home/colin/st/stm32cubeide_1.16.1_2/plugins/com.st.stm32cube.ide.mcu.externaltools.gnu-tools-for-stm32.12.3.rel1.linux64_1.0.200.202406132123/tools/bin/../lib/gcc/arm-none-eabi/12.3.1/thumb/v7e-m+fp/hard/crtn.o
                0x080089f0                        . = ALIGN (0x4)
                0x080089f0                        _etext = .

.vfp11_veneer   0x080089f0        0x0
 .vfp11_veneer  0x080089f0        0x0 linker stubs

.v4_bx          0x080089f0        0x0
 .v4_bx         0x080089f0        0x0 linker stubs

.iplt           0x080089f0        0x0
 .iplt          0x080089f0        0x0 /home/colin/st/stm32cubeide_1.16.1_2/plugins/com.st.stm32cube.ide.mcu.externaltools.gnu-tools-for-stm32.12.3.rel1.linux64_1.0.200.202406132123/tools/bin/../lib/gcc/arm-none-eabi/12.3.1/thumb/v7e-m+fp/hard/crtbegin.o

.rodata         0x080089f0       0x60
                0x080089f0                        . = ALIGN (0x4)
 *(.rodata)
 .rodata        0x080089f0       0x46 ./USB_DEVICE/App/usbd_desc.o
 *(.rodata*)
 *fill*         0x08008a36        0x2 
 .rodata.AHBPrescTable
                0x08008a38       0x10 ./Core/Src/system_stm32f4xx.o
                0x08008a38                AHBPrescTable
 .rodata.APBPrescTable
                0x08008a48        0x8 ./Core/Src/system_stm32f4xx.o
                0x08008a48                APBPrescTable
                0x08008a50                        . = ALIGN (0x4)

.ARM.extab      0x08008a50        0x0
                0x08008a50                        . = ALIGN (0x4)
 *(.ARM.extab* .gnu.linkonce.armextab.*)
                0x08008a50                        . = ALIGN (0x4)

.ARM            0x08008a50        0x8
                0x08008a50                        . = ALIGN (0x4)
                0x08008a50                        __exidx_start = .
 *(.ARM.exidx*)
 .ARM.exidx     0x08008a50        0x8 /home/colin/st/stm32cubeide_1.16.1_2/plugins/com.st.stm32cube.ide.mcu.externaltools.gnu-tools-for-stm32.12.3.rel1.linux64_1.0.200.202406132123/tools/bin/../lib/gcc/arm-none-eabi/12.3.1/thumb/v7e-m+fp/hard/libgcc.a(_udivmoddi4.o)
                0x08008a58                        __exidx_end = .
                0x08008a58                        . = ALIGN (0x4)

.preinit_array  0x08008a58        0x0
                0x08008a58                        . = ALIGN (0x4)
                0x08008a58                        PROVIDE (__preinit_array_start = .)
 *(.preinit_array*)
                0x08008a58                        PROVIDE (__preinit_array_end = .)
                0x08008a58                        . = ALIGN (0x4)

.init_array     0x08008a58        0x4
                0x08008a58                        . = ALIGN (0x4)
                0x08008a58                        PROVIDE (__init_array_start = .)
 *(SORT_BY_NAME(.init_array.*))
 *(.init_array*)
 .init_array    0x08008a58        0x4 /home/colin/st/stm32cubeide_1.16.1_2/plugins/com.st.stm32cube.ide.mcu.externaltools.gnu-tools-for-stm32.12.3.rel1.linux64_1.0.200.202406132123/tools/bin/../lib/gcc/arm-none-eabi/12.3.1/thumb/v7e-m+fp/hard/crtbegin.o
                0x08008a5c                        PROVIDE (__init_array_end = .)
                0x08008a5c                        . = ALIGN (0x4)

.fini_array     0x08008a5c        0x4
                0x08008a5c                        . = ALIGN (0x4)
                [!provide]                        PROVIDE (__fini_array_start = .)
 *(SORT_BY_NAME(.fini_array.*))
 *(.fini_array*)
 .fini_array    0x08008a5c        0x4 /home/colin/st/stm32cubeide_1.16.1_2/plugins/com.st.stm32cube.ide.mcu.externaltools.gnu-tools-for-stm32.12.3.rel1.linux64_1.0.200.202406132123/tools/bin/../lib/gcc/arm-none-eabi/12.3.1/thumb/v7e-m+fp/hard/crtbegin.o
                [!provide]                        PROVIDE (__fini_array_end = .)
                0x08008a60                        . = ALIGN (0x4)
                0x08008a60                        _sidata = LOADADDR (.data)

.rel.dyn        0x08008a60        0x0
 .rel.iplt      0x08008a60        0x0 /home/colin/st/stm32cubeide_1.16.1_2/plugins/com.st.stm32cube.ide.mcu.externaltools.gnu-tools-for-stm32.12.3.rel1.linux64_1.0.200.202406132123/tools/bin/../lib/gcc/arm-none-eabi/12.3.1/thumb/v7e-m+fp/hard/crtbegin.o

.data           0x20000000      0x10c load address 0x08008a60
                0x20000000                        . = ALIGN (0x4)
                0x20000000                        _sdata = .
 *(.data)
 *(.data*)
 .data.SystemCoreClock
                0x20000000        0x4 ./Core/Src/system_stm32f4xx.o
                0x20000000                SystemCoreClock
 .data.uwTickPrio
                0x20000004        0x4 ./Drivers/STM32F4xx_HAL_Driver/Src/stm32f4xx_hal.o
                0x20000004                uwTickPrio
 .data.uwTickFreq
                0x20000008        0x1 ./Drivers/STM32F4xx_HAL_Driver/Src/stm32f4xx_hal.o
                0x20000008                uwTickFreq
 *fill*         0x20000009        0x3 
 .data.USBD_CDC_DeviceQualifierDesc
                0x2000000c        0xa ./Middlewares/ST/STM32_USB_Device_Library/Class/CDC/Src/usbd_cdc.o
 *fill*         0x20000016        0x2 
 .data.USBD_CDC
                0x20000018       0x38 ./Middlewares/ST/STM32_USB_Device_Library/Class/CDC/Src/usbd_cdc.o
                0x20000018                USBD_CDC
 .data.USBD_CDC_CfgDesc
                0x20000050       0x43 ./Middlewares/ST/STM32_USB_Device_Library/Class/CDC/Src/usbd_cdc.o
 .data.CDCInEpAdd
                0x20000093        0x1 ./Middlewares/ST/STM32_USB_Device_Library/Class/CDC/Src/usbd_cdc.o
 .data.CDCOutEpAdd
                0x20000094        0x1 ./Middlewares/ST/STM32_USB_Device_Library/Class/CDC/Src/usbd_cdc.o
 .data.CDCCmdEpAdd
                0x20000095        0x1 ./Middlewares/ST/STM32_USB_Device_Library/Class/CDC/Src/usbd_cdc.o
 *fill*         0x20000096        0x2 
 .data.USBD_Interface_fops_FS
                0x20000098       0x14 ./USB_DEVICE/App/usbd_cdc_if.o
                0x20000098                USBD_Interface_fops_FS
 .data.FS_Desc  0x200000ac       0x20 ./USB_DEVICE/App/usbd_desc.o
                0x200000ac                FS_Desc
 .data.USBD_FS_DeviceDesc
                0x200000cc       0x12 ./USB_DEVICE/App/usbd_desc.o
                0x200000cc                USBD_FS_DeviceDesc
 *fill*         0x200000de        0x2 
 .data.USBD_FS_BOSDesc
                0x200000e0        0xc ./USB_DEVICE/App/usbd_desc.o
                0x200000e0                USBD_FS_BOSDesc
 .data.USBD_LangIDDesc
                0x200000ec        0x4 ./USB_DEVICE/App/usbd_desc.o
                0x200000ec                USBD_LangIDDesc
 .data.USBD_StringSerial
                0x200000f0       0x1a ./USB_DEVICE/App/usbd_desc.o
                0x200000f0                USBD_StringSerial
 *(.RamFunc)
 *(.RamFunc*)
                0x2000010c                        . = ALIGN (0x4)
 *fill*         0x2000010a        0x2 
                0x2000010c                        _edata = .

.igot.plt       0x2000010c        0x0 load address 0x08008b6c
 .igot.plt      0x2000010c        0x0 /home/colin/st/stm32cubeide_1.16.1_2/plugins/com.st.stm32cube.ide.mcu.externaltools.gnu-tools-for-stm32.12.3.rel1.linux64_1.0.200.202406132123/tools/bin/../lib/gcc/arm-none-eabi/12.3.1/thumb/v7e-m+fp/hard/crtbegin.o
                0x2000010c                        . = ALIGN (0x4)

.bss            0x2000010c     0x1d40 load address 0x08008b6c
                0x2000010c                        _sbss = .
                0x2000010c                        __bss_start__ = _sbss
 *(.bss)
 .bss           0x2000010c       0x1c /home/colin/st/stm32cubeide_1.16.1_2/plugins/com.st.stm32cube.ide.mcu.externaltools.gnu-tools-for-stm32.12.3.rel1.linux64_1.0.200.202406132123/tools/bin/../lib/gcc/arm-none-eabi/12.3.1/thumb/v7e-m+fp/hard/crtbegin.o
 *(.bss*)
 .bss.hadc1     0x20000128       0x48 ./Core/Src/main.o
                0x20000128                hadc1
 .bss.hi2c2     0x20000170       0x54 ./Core/Src/main.o
                0x20000170                hi2c2
 .bss.hspi1     0x200001c4       0x58 ./Core/Src/main.o
                0x200001c4                hspi1
 .bss.huart4    0x2000021c       0x48 ./Core/Src/main.o
                0x2000021c                huart4
 .bss.uwTick    0x20000264        0x4 ./Drivers/STM32F4xx_HAL_Driver/Src/stm32f4xx_hal.o
                0x20000264                uwTick
 .bss.cfgidx.0  0x20000268        0x1 ./Middlewares/ST/STM32_USB_Device_Library/Core/Src/usbd_ctlreq.o
 *fill*         0x20000269        0x3 
 .bss.hUsbDeviceFS
                0x2000026c      0x2dc ./USB_DEVICE/App/usb_device.o
                0x2000026c                hUsbDeviceFS
 .bss.UserRxBufferFS
                0x20000548      0x800 ./USB_DEVICE/App/usbd_cdc_if.o
                0x20000548                UserRxBufferFS
 .bss.UserTxBufferFS
                0x20000d48      0x800 ./USB_DEVICE/App/usbd_cdc_if.o
                0x20000d48                UserTxBufferFS
 .bss.USBD_StrDesc
                0x20001548      0x200 ./USB_DEVICE/App/usbd_desc.o
                0x20001548                USBD_StrDesc
 .bss.hpcd_USB_OTG_FS
                0x20001748      0x4e4 ./USB_DEVICE/Target/usbd_conf.o
                0x20001748                hpcd_USB_OTG_FS
 .bss.mem.0     0x20001c2c      0x220 ./USB_DEVICE/Target/usbd_conf.o
 *(COMMON)
                0x20001e4c                        . = ALIGN (0x4)
                0x20001e4c                        _ebss = .
                0x20001e4c                        __bss_end__ = _ebss

._user_heap_stack
                0x20001e4c      0x604 load address 0x08008b6c
                0x20001e50                        . = ALIGN (0x8)
 *fill*         0x20001e4c        0x4 
                [!provide]                        PROVIDE (end = .)
                0x20001e50                        PROVIDE (_end = .)
                0x20002050                        . = (. + _Min_Heap_Size)
 *fill*         0x20001e50      0x200 
                0x20002450                        . = (. + _Min_Stack_Size)
 *fill*         0x20002050      0x400 
                0x20002450                        . = ALIGN (0x8)

/DISCARD/
 libc.a(*)
 libm.a(*)
 libgcc.a(*)

.ARM.attributes
                0x00000000       0x30
 *(.ARM.attributes)
 .ARM.attributes
                0x00000000       0x22 /home/colin/st/stm32cubeide_1.16.1_2/plugins/com.st.stm32cube.ide.mcu.externaltools.gnu-tools-for-stm32.12.3.rel1.linux64_1.0.200.202406132123/tools/bin/../lib/gcc/arm-none-eabi/12.3.1/thumb/v7e-m+fp/hard/crti.o
 .ARM.attributes
                0x00000022       0x34 /home/colin/st/stm32cubeide_1.16.1_2/plugins/com.st.stm32cube.ide.mcu.externaltools.gnu-tools-for-stm32.12.3.rel1.linux64_1.0.200.202406132123/tools/bin/../lib/gcc/arm-none-eabi/12.3.1/thumb/v7e-m+fp/hard/crtbegin.o
 .ARM.attributes
                0x00000056       0x34 ./Core/Src/main.o
 .ARM.attributes
                0x0000008a       0x34 ./Core/Src/stm32f4xx_hal_msp.o
 .ARM.attributes
                0x000000be       0x34 ./Core/Src/stm32f4xx_it.o
 .ARM.attributes
                0x000000f2       0x34 ./Core/Src/system_stm32f4xx.o
 .ARM.attributes
                0x00000126       0x21 ./Core/Startup/startup_stm32f446retx.o
 .ARM.attributes
                0x00000147       0x34 ./Drivers/STM32F4xx_HAL_Driver/Src/stm32f4xx_hal.o
 .ARM.attributes
                0x0000017b       0x34 ./Drivers/STM32F4xx_HAL_Driver/Src/stm32f4xx_hal_adc.o
 .ARM.attributes
                0x000001af       0x34 ./Drivers/STM32F4xx_HAL_Driver/Src/stm32f4xx_hal_cortex.o
 .ARM.attributes
                0x000001e3       0x34 ./Drivers/STM32F4xx_HAL_Driver/Src/stm32f4xx_hal_gpio.o
 .ARM.attributes
                0x00000217       0x34 ./Drivers/STM32F4xx_HAL_Driver/Src/stm32f4xx_hal_i2c.o
 .ARM.attributes
                0x0000024b       0x34 ./Drivers/STM32F4xx_HAL_Driver/Src/stm32f4xx_hal_pcd.o
 .ARM.attributes
                0x0000027f       0x34 ./Drivers/STM32F4xx_HAL_Driver/Src/stm32f4xx_hal_pcd_ex.o
 .ARM.attributes
                0x000002b3       0x34 ./Drivers/STM32F4xx_HAL_Driver/Src/stm32f4xx_hal_rcc.o
 .ARM.attributes
                0x000002e7       0x34 ./Drivers/STM32F4xx_HAL_Driver/Src/stm32f4xx_hal_rcc_ex.o
 .ARM.attributes
                0x0000031b       0x34 ./Drivers/STM32F4xx_HAL_Driver/Src/stm32f4xx_hal_spi.o
 .ARM.attributes
                0x0000034f       0x34 ./Drivers/STM32F4xx_HAL_Driver/Src/stm32f4xx_hal_uart.o
 .ARM.attributes
                0x00000383       0x34 ./Drivers/STM32F4xx_HAL_Driver/Src/stm32f4xx_ll_usb.o
 .ARM.attributes
                0x000003b7       0x34 ./Middlewares/ST/STM32_USB_Device_Library/Class/CDC/Src/usbd_cdc.o
 .ARM.attributes
                0x000003eb       0x34 ./Middlewares/ST/STM32_USB_Device_Library/Core/Src/usbd_core.o
 .ARM.attributes
                0x0000041f       0x34 ./Middlewares/ST/STM32_USB_Device_Library/Core/Src/usbd_ctlreq.o
 .ARM.attributes
                0x00000453       0x34 ./Middlewares/ST/STM32_USB_Device_Library/Core/Src/usbd_ioreq.o
 .ARM.attributes
                0x00000487       0x34 ./USB_DEVICE/App/usb_device.o
 .ARM.attributes
                0x000004bb       0x34 ./USB_DEVICE/App/usbd_cdc_if.o
 .ARM.attributes
                0x000004ef       0x34 ./USB_DEVICE/App/usbd_desc.o
 .ARM.attributes
                0x00000523       0x34 ./USB_DEVICE/Target/usbd_conf.o
 .ARM.attributes
                0x00000557       0x34 /home/colin/st/stm32cubeide_1.16.1_2/plugins/com.st.stm32cube.ide.mcu.externaltools.gnu-tools-for-stm32.12.3.rel1.linux64_1.0.200.202406132123/tools/bin/../lib/gcc/arm-none-eabi/12.3.1/../../../../arm-none-eabi/lib/thumb/v7e-m+fp/hard/libc_nano.a(libc_a-memset.o)
 .ARM.attributes
                0x0000058b       0x34 /home/colin/st/stm32cubeide_1.16.1_2/plugins/com.st.stm32cube.ide.mcu.externaltools.gnu-tools-for-stm32.12.3.rel1.linux64_1.0.200.202406132123/tools/bin/../lib/gcc/arm-none-eabi/12.3.1/../../../../arm-none-eabi/lib/thumb/v7e-m+fp/hard/libc_nano.a(libc_a-init.o)
 .ARM.attributes
                0x000005bf       0x22 /home/colin/st/stm32cubeide_1.16.1_2/plugins/com.st.stm32cube.ide.mcu.externaltools.gnu-tools-for-stm32.12.3.rel1.linux64_1.0.200.202406132123/tools/bin/../lib/gcc/arm-none-eabi/12.3.1/thumb/v7e-m+fp/hard/libgcc.a(_aeabi_uldivmod.o)
 .ARM.attributes
                0x000005e1       0x34 /home/colin/st/stm32cubeide_1.16.1_2/plugins/com.st.stm32cube.ide.mcu.externaltools.gnu-tools-for-stm32.12.3.rel1.linux64_1.0.200.202406132123/tools/bin/../lib/gcc/arm-none-eabi/12.3.1/thumb/v7e-m+fp/hard/libgcc.a(_udivmoddi4.o)
 .ARM.attributes
                0x00000615       0x22 /home/colin/st/stm32cubeide_1.16.1_2/plugins/com.st.stm32cube.ide.mcu.externaltools.gnu-tools-for-stm32.12.3.rel1.linux64_1.0.200.202406132123/tools/bin/../lib/gcc/arm-none-eabi/12.3.1/thumb/v7e-m+fp/hard/libgcc.a(_dvmd_tls.o)
 .ARM.attributes
                0x00000637       0x22 /home/colin/st/stm32cubeide_1.16.1_2/plugins/com.st.stm32cube.ide.mcu.externaltools.gnu-tools-for-stm32.12.3.rel1.linux64_1.0.200.202406132123/tools/bin/../lib/gcc/arm-none-eabi/12.3.1/thumb/v7e-m+fp/hard/crtn.o
OUTPUT(Code.elf elf32-littlearm)
LOAD linker stubs
LOAD /home/colin/st/stm32cubeide_1.16.1_2/plugins/com.st.stm32cube.ide.mcu.externaltools.gnu-tools-for-stm32.12.3.rel1.linux64_1.0.200.202406132123/tools/bin/../lib/gcc/arm-none-eabi/12.3.1/../../../../arm-none-eabi/lib/thumb/v7e-m+fp/hard/libc.a
LOAD /home/colin/st/stm32cubeide_1.16.1_2/plugins/com.st.stm32cube.ide.mcu.externaltools.gnu-tools-for-stm32.12.3.rel1.linux64_1.0.200.202406132123/tools/bin/../lib/gcc/arm-none-eabi/12.3.1/../../../../arm-none-eabi/lib/thumb/v7e-m+fp/hard/libm.a
LOAD /home/colin/st/stm32cubeide_1.16.1_2/plugins/com.st.stm32cube.ide.mcu.externaltools.gnu-tools-for-stm32.12.3.rel1.linux64_1.0.200.202406132123/tools/bin/../lib/gcc/arm-none-eabi/12.3.1/thumb/v7e-m+fp/hard/libgcc.a

.debug_info     0x00000000    0x18006
 .debug_info    0x00000000     0x1c30 ./Core/Src/main.o
 .debug_info    0x00001c30     0x123e ./Core/Src/stm32f4xx_hal_msp.o
 .debug_info    0x00002e6e      0x685 ./Core/Src/stm32f4xx_it.o
 .debug_info    0x000034f3      0x54a ./Core/Src/system_stm32f4xx.o
 .debug_info    0x00003a3d       0x30 ./Core/Startup/startup_stm32f446retx.o
 .debug_info    0x00003a6d      0x99a ./Drivers/STM32F4xx_HAL_Driver/Src/stm32f4xx_hal.o
 .debug_info    0x00004407      0xce3 ./Drivers/STM32F4xx_HAL_Driver/Src/stm32f4xx_hal_adc.o
 .debug_info    0x000050ea      0xdaa ./Drivers/STM32F4xx_HAL_Driver/Src/stm32f4xx_hal_cortex.o
 .debug_info    0x00005e94      0x70b ./Drivers/STM32F4xx_HAL_Driver/Src/stm32f4xx_hal_gpio.o
 .debug_info    0x0000659f     0x2421 ./Drivers/STM32F4xx_HAL_Driver/Src/stm32f4xx_hal_i2c.o
 .debug_info    0x000089c0     0x15e3 ./Drivers/STM32F4xx_HAL_Driver/Src/stm32f4xx_hal_pcd.o
 .debug_info    0x00009fa3      0x7b4 ./Drivers/STM32F4xx_HAL_Driver/Src/stm32f4xx_hal_pcd_ex.o
 .debug_info    0x0000a757      0x8ff ./Drivers/STM32F4xx_HAL_Driver/Src/stm32f4xx_hal_rcc.o
 .debug_info    0x0000b056      0x960 ./Drivers/STM32F4xx_HAL_Driver/Src/stm32f4xx_hal_rcc_ex.o
 .debug_info    0x0000b9b6     0x1525 ./Drivers/STM32F4xx_HAL_Driver/Src/stm32f4xx_hal_spi.o
 .debug_info    0x0000cedb     0x2f4f ./Drivers/STM32F4xx_HAL_Driver/Src/stm32f4xx_hal_uart.o
 .debug_info    0x0000fe2a     0x19f1 ./Drivers/STM32F4xx_HAL_Driver/Src/stm32f4xx_ll_usb.o
 .debug_info    0x0001181b     0x1323 ./Middlewares/ST/STM32_USB_Device_Library/Class/CDC/Src/usbd_cdc.o
 .debug_info    0x00012b3e      0xe1f ./Middlewares/ST/STM32_USB_Device_Library/Core/Src/usbd_core.o
 .debug_info    0x0001395d      0xaf8 ./Middlewares/ST/STM32_USB_Device_Library/Core/Src/usbd_ctlreq.o
 .debug_info    0x00014455      0x76f ./Middlewares/ST/STM32_USB_Device_Library/Core/Src/usbd_ioreq.o
 .debug_info    0x00014bc4      0x71b ./USB_DEVICE/App/usb_device.o
 .debug_info    0x000152df      0x914 ./USB_DEVICE/App/usbd_cdc_if.o
 .debug_info    0x00015bf3      0x4ba ./USB_DEVICE/App/usbd_desc.o
 .debug_info    0x000160ad     0x1f59 ./USB_DEVICE/Target/usbd_conf.o

.debug_abbrev   0x00000000     0x3865
 .debug_abbrev  0x00000000      0x334 ./Core/Src/main.o
 .debug_abbrev  0x00000334      0x1ee ./Core/Src/stm32f4xx_hal_msp.o
 .debug_abbrev  0x00000522      0x1a4 ./Core/Src/stm32f4xx_it.o
 .debug_abbrev  0x000006c6      0x11a ./Core/Src/system_stm32f4xx.o
 .debug_abbrev  0x000007e0       0x24 ./Core/Startup/startup_stm32f446retx.o
 .debug_abbrev  0x00000804      0x214 ./Drivers/STM32F4xx_HAL_Driver/Src/stm32f4xx_hal.o
 .debug_abbrev  0x00000a18      0x252 ./Drivers/STM32F4xx_HAL_Driver/Src/stm32f4xx_hal_adc.o
 .debug_abbrev  0x00000c6a      0x31d ./Drivers/STM32F4xx_HAL_Driver/Src/stm32f4xx_hal_cortex.o
 .debug_abbrev  0x00000f87      0x1d4 ./Drivers/STM32F4xx_HAL_Driver/Src/stm32f4xx_hal_gpio.o
 .debug_abbrev  0x0000115b      0x2ad ./Drivers/STM32F4xx_HAL_Driver/Src/stm32f4xx_hal_i2c.o
 .debug_abbrev  0x00001408      0x2d0 ./Drivers/STM32F4xx_HAL_Driver/Src/stm32f4xx_hal_pcd.o
 .debug_abbrev  0x000016d8      0x1dd ./Drivers/STM32F4xx_HAL_Driver/Src/stm32f4xx_hal_pcd_ex.o
 .debug_abbrev  0x000018b5      0x2b7 ./Drivers/STM32F4xx_HAL_Driver/Src/stm32f4xx_hal_rcc.o
 .debug_abbrev  0x00001b6c      0x211 ./Drivers/STM32F4xx_HAL_Driver/Src/stm32f4xx_hal_rcc_ex.o
 .debug_abbrev  0x00001d7d      0x27a ./Drivers/STM32F4xx_HAL_Driver/Src/stm32f4xx_hal_spi.o
 .debug_abbrev  0x00001ff7      0x30e ./Drivers/STM32F4xx_HAL_Driver/Src/stm32f4xx_hal_uart.o
 .debug_abbrev  0x00002305      0x2b3 ./Drivers/STM32F4xx_HAL_Driver/Src/stm32f4xx_ll_usb.o
 .debug_abbrev  0x000025b8      0x2d2 ./Middlewares/ST/STM32_USB_Device_Library/Class/CDC/Src/usbd_cdc.o
 .debug_abbrev  0x0000288a      0x27c ./Middlewares/ST/STM32_USB_Device_Library/Core/Src/usbd_core.o
 .debug_abbrev  0x00002b06      0x26f ./Middlewares/ST/STM32_USB_Device_Library/Core/Src/usbd_ctlreq.o
 .debug_abbrev  0x00002d75      0x19a ./Middlewares/ST/STM32_USB_Device_Library/Core/Src/usbd_ioreq.o
 .debug_abbrev  0x00002f0f      0x195 ./USB_DEVICE/App/usb_device.o
 .debug_abbrev  0x000030a4      0x29d ./USB_DEVICE/App/usbd_cdc_if.o
 .debug_abbrev  0x00003341      0x1e3 ./USB_DEVICE/App/usbd_desc.o
 .debug_abbrev  0x00003524      0x341 ./USB_DEVICE/Target/usbd_conf.o

.debug_aranges  0x00000000     0x13b0
 .debug_aranges
                0x00000000       0x58 ./Core/Src/main.o
 .debug_aranges
                0x00000058       0x60 ./Core/Src/stm32f4xx_hal_msp.o
 .debug_aranges
                0x000000b8       0x68 ./Core/Src/stm32f4xx_it.o
 .debug_aranges
                0x00000120       0x28 ./Core/Src/system_stm32f4xx.o
 .debug_aranges
                0x00000148       0x28 ./Core/Startup/startup_stm32f446retx.o
 .debug_aranges
                0x00000170       0xf0 ./Drivers/STM32F4xx_HAL_Driver/Src/stm32f4xx_hal.o
 .debug_aranges
                0x00000260       0xe8 ./Drivers/STM32F4xx_HAL_Driver/Src/stm32f4xx_hal_adc.o
 .debug_aranges
                0x00000348      0x130 ./Drivers/STM32F4xx_HAL_Driver/Src/stm32f4xx_hal_cortex.o
 .debug_aranges
                0x00000478       0x58 ./Drivers/STM32F4xx_HAL_Driver/Src/stm32f4xx_hal_gpio.o
 .debug_aranges
                0x000004d0      0x2a8 ./Drivers/STM32F4xx_HAL_Driver/Src/stm32f4xx_hal_i2c.o
 .debug_aranges
                0x00000778      0x148 ./Drivers/STM32F4xx_HAL_Driver/Src/stm32f4xx_hal_pcd.o
 .debug_aranges
                0x000008c0       0x48 ./Drivers/STM32F4xx_HAL_Driver/Src/stm32f4xx_hal_pcd_ex.o
 .debug_aranges
                0x00000908       0x88 ./Drivers/STM32F4xx_HAL_Driver/Src/stm32f4xx_hal_rcc.o
 .debug_aranges
                0x00000990       0x78 ./Drivers/STM32F4xx_HAL_Driver/Src/stm32f4xx_hal_rcc_ex.o
 .debug_aranges
                0x00000a08      0x1d0 ./Drivers/STM32F4xx_HAL_Driver/Src/stm32f4xx_hal_spi.o
 .debug_aranges
                0x00000bd8      0x208 ./Drivers/STM32F4xx_HAL_Driver/Src/stm32f4xx_hal_uart.o
 .debug_aranges
                0x00000de0      0x1a0 ./Drivers/STM32F4xx_HAL_Driver/Src/stm32f4xx_ll_usb.o
 .debug_aranges
                0x00000f80       0x90 ./Middlewares/ST/STM32_USB_Device_Library/Class/CDC/Src/usbd_cdc.o
 .debug_aranges
                0x00001010       0xd8 ./Middlewares/ST/STM32_USB_Device_Library/Core/Src/usbd_core.o
 .debug_aranges
                0x000010e8       0x90 ./Middlewares/ST/STM32_USB_Device_Library/Core/Src/usbd_ctlreq.o
 .debug_aranges
                0x00001178       0x50 ./Middlewares/ST/STM32_USB_Device_Library/Core/Src/usbd_ioreq.o
 .debug_aranges
                0x000011c8       0x20 ./USB_DEVICE/App/usb_device.o
 .debug_aranges
                0x000011e8       0x48 ./USB_DEVICE/App/usbd_cdc_if.o
 .debug_aranges
                0x00001230       0x68 ./USB_DEVICE/App/usbd_desc.o
 .debug_aranges
                0x00001298      0x118 ./USB_DEVICE/Target/usbd_conf.o

.debug_rnglists
                0x00000000      0xf34
 .debug_rnglists
                0x00000000       0x40 ./Core/Src/main.o
 .debug_rnglists
                0x00000040       0x47 ./Core/Src/stm32f4xx_hal_msp.o
 .debug_rnglists
                0x00000087       0x49 ./Core/Src/stm32f4xx_it.o
 .debug_rnglists
                0x000000d0       0x1a ./Core/Src/system_stm32f4xx.o
 .debug_rnglists
                0x000000ea       0x19 ./Core/Startup/startup_stm32f446retx.o
 .debug_rnglists
                0x00000103       0xaf ./Drivers/STM32F4xx_HAL_Driver/Src/stm32f4xx_hal.o
 .debug_rnglists
                0x000001b2       0xb5 ./Drivers/STM32F4xx_HAL_Driver/Src/stm32f4xx_hal_adc.o
 .debug_rnglists
                0x00000267       0xe0 ./Drivers/STM32F4xx_HAL_Driver/Src/stm32f4xx_hal_cortex.o
 .debug_rnglists
                0x00000347       0x3f ./Drivers/STM32F4xx_HAL_Driver/Src/stm32f4xx_hal_gpio.o
 .debug_rnglists
                0x00000386      0x23c ./Drivers/STM32F4xx_HAL_Driver/Src/stm32f4xx_hal_i2c.o
 .debug_rnglists
                0x000005c2       0xfa ./Drivers/STM32F4xx_HAL_Driver/Src/stm32f4xx_hal_pcd.o
 .debug_rnglists
                0x000006bc       0x32 ./Drivers/STM32F4xx_HAL_Driver/Src/stm32f4xx_hal_pcd_ex.o
 .debug_rnglists
                0x000006ee       0x66 ./Drivers/STM32F4xx_HAL_Driver/Src/stm32f4xx_hal_rcc.o
 .debug_rnglists
                0x00000754       0x5e ./Drivers/STM32F4xx_HAL_Driver/Src/stm32f4xx_hal_rcc_ex.o
 .debug_rnglists
                0x000007b2      0x16f ./Drivers/STM32F4xx_HAL_Driver/Src/stm32f4xx_hal_spi.o
 .debug_rnglists
                0x00000921      0x1bc ./Drivers/STM32F4xx_HAL_Driver/Src/stm32f4xx_hal_uart.o
 .debug_rnglists
                0x00000add      0x147 ./Drivers/STM32F4xx_HAL_Driver/Src/stm32f4xx_ll_usb.o
 .debug_rnglists
                0x00000c24       0x6c ./Middlewares/ST/STM32_USB_Device_Library/Class/CDC/Src/usbd_cdc.o
 .debug_rnglists
                0x00000c90       0xa1 ./Middlewares/ST/STM32_USB_Device_Library/Core/Src/usbd_core.o
 .debug_rnglists
                0x00000d31       0x6e ./Middlewares/ST/STM32_USB_Device_Library/Core/Src/usbd_ctlreq.o
 .debug_rnglists
                0x00000d9f       0x37 ./Middlewares/ST/STM32_USB_Device_Library/Core/Src/usbd_ioreq.o
 .debug_rnglists
                0x00000dd6       0x13 ./USB_DEVICE/App/usb_device.o
 .debug_rnglists
                0x00000de9       0x32 ./USB_DEVICE/App/usbd_cdc_if.o
 .debug_rnglists
                0x00000e1b       0x49 ./USB_DEVICE/App/usbd_desc.o
 .debug_rnglists
                0x00000e64       0xd0 ./USB_DEVICE/Target/usbd_conf.o

.debug_macro    0x00000000    0x27910
 .debug_macro   0x00000000      0x3eb ./Core/Src/main.o
 .debug_macro   0x000003eb      0x2ad ./Core/Src/main.o
 .debug_macro   0x00000698       0x2e ./Core/Src/main.o
 .debug_macro   0x000006c6       0x28 ./Core/Src/main.o
 .debug_macro   0x000006ee       0x1c ./Core/Src/main.o
 .debug_macro   0x0000070a       0x22 ./Core/Src/main.o
 .debug_macro   0x0000072c       0x8e ./Core/Src/main.o
 .debug_macro   0x000007ba       0x51 ./Core/Src/main.o
 .debug_macro   0x0000080b      0x103 ./Core/Src/main.o
 .debug_macro   0x0000090e       0x6a ./Core/Src/main.o
 .debug_macro   0x00000978      0x1df ./Core/Src/main.o
 .debug_macro   0x00000b57       0x1c ./Core/Src/main.o
 .debug_macro   0x00000b73       0x22 ./Core/Src/main.o
 .debug_macro   0x00000b95       0xfb ./Core/Src/main.o
 .debug_macro   0x00000c90     0x1011 ./Core/Src/main.o
 .debug_macro   0x00001ca1      0x11f ./Core/Src/main.o
 .debug_macro   0x00001dc0    0x1675e ./Core/Src/main.o
 .debug_macro   0x0001851e       0x6d ./Core/Src/main.o
 .debug_macro   0x0001858b     0x3693 ./Core/Src/main.o
 .debug_macro   0x0001bc1e      0x190 ./Core/Src/main.o
 .debug_macro   0x0001bdae       0x5c ./Core/Src/main.o
 .debug_macro   0x0001be0a      0xca5 ./Core/Src/main.o
 .debug_macro   0x0001caaf      0x9e9 ./Core/Src/main.o
 .debug_macro   0x0001d498      0x115 ./Core/Src/main.o
 .debug_macro   0x0001d5ad      0x1a0 ./Core/Src/main.o
 .debug_macro   0x0001d74d       0xa5 ./Core/Src/main.o
 .debug_macro   0x0001d7f2      0x16d ./Core/Src/main.o
 .debug_macro   0x0001d95f      0x287 ./Core/Src/main.o
 .debug_macro   0x0001dbe6       0x5f ./Core/Src/main.o
 .debug_macro   0x0001dc45      0x236 ./Core/Src/main.o
 .debug_macro   0x0001de7b      0xb5b ./Core/Src/main.o
 .debug_macro   0x0001e9d6      0x38b ./Core/Src/main.o
 .debug_macro   0x0001ed61      0x17d ./Core/Src/main.o
 .debug_macro   0x0001eede       0xf9 ./Core/Src/main.o
 .debug_macro   0x0001efd7      0x132 ./Core/Src/main.o
 .debug_macro   0x0001f109      0x29c ./Core/Src/main.o
 .debug_macro   0x0001f3a5       0x2e ./Core/Src/main.o
 .debug_macro   0x0001f3d3      0x1b5 ./Core/Src/main.o
 .debug_macro   0x0001f588       0x22 ./Core/Src/main.o
 .debug_macro   0x0001f5aa       0xd6 ./Core/Src/main.o
 .debug_macro   0x0001f680      0x127 ./Core/Src/main.o
 .debug_macro   0x0001f7a7       0xe8 ./Core/Src/main.o
 .debug_macro   0x0001f88f       0x89 ./Core/Src/main.o
 .debug_macro   0x0001f918      0x225 ./Core/Src/main.o
 .debug_macro   0x0001fb3d      0x2aa ./Core/Src/main.o
 .debug_macro   0x0001fde7      0x293 ./Core/Src/main.o
 .debug_macro   0x0002007a       0xba ./Core/Src/main.o
 .debug_macro   0x00020134      0x126 ./Core/Src/main.o
 .debug_macro   0x0002025a      0x10c ./Core/Src/main.o
 .debug_macro   0x00020366       0x61 ./Core/Src/main.o
 .debug_macro   0x000203c7       0x2a ./Core/Src/main.o
 .debug_macro   0x000203f1       0x43 ./Core/Src/main.o
 .debug_macro   0x00020434       0x34 ./Core/Src/main.o
 .debug_macro   0x00020468       0x16 ./Core/Src/main.o
 .debug_macro   0x0002047e       0x35 ./Core/Src/main.o
 .debug_macro   0x000204b3      0x38c ./Core/Src/main.o
 .debug_macro   0x0002083f       0x10 ./Core/Src/main.o
 .debug_macro   0x0002084f       0x16 ./Core/Src/main.o
 .debug_macro   0x00020865       0x43 ./Core/Src/main.o
 .debug_macro   0x000208a8       0x34 ./Core/Src/main.o
 .debug_macro   0x000208dc       0x10 ./Core/Src/main.o
 .debug_macro   0x000208ec       0x58 ./Core/Src/main.o
 .debug_macro   0x00020944       0x8e ./Core/Src/main.o
 .debug_macro   0x000209d2       0x16 ./Core/Src/main.o
 .debug_macro   0x000209e8      0x177 ./Core/Src/main.o
 .debug_macro   0x00020b5f       0x16 ./Core/Src/main.o
 .debug_macro   0x00020b75       0x16 ./Core/Src/main.o
 .debug_macro   0x00020b8b      0x138 ./Core/Src/main.o
 .debug_macro   0x00020cc3      0x1d6 ./Core/Src/main.o
 .debug_macro   0x00020e99       0x10 ./Core/Src/main.o
 .debug_macro   0x00020ea9      0x417 ./Core/Src/main.o
 .debug_macro   0x000212c0       0x10 ./Core/Src/main.o
 .debug_macro   0x000212d0       0x16 ./Core/Src/main.o
 .debug_macro   0x000212e6       0x16 ./Core/Src/main.o
 .debug_macro   0x000212fc       0x29 ./Core/Src/main.o
 .debug_macro   0x00021325       0x1c ./Core/Src/main.o
 .debug_macro   0x00021341       0xde ./Core/Src/main.o
 .debug_macro   0x0002141f       0x16 ./Core/Src/main.o
 .debug_macro   0x00021435       0x20 ./Core/Src/main.o
 .debug_macro   0x00021455       0x65 ./Core/Src/main.o
 .debug_macro   0x000214ba      0x20f ./Core/Src/main.o
 .debug_macro   0x000216c9      0x238 ./Core/Src/stm32f4xx_hal_msp.o
 .debug_macro   0x00021901      0xab4 ./Core/Src/stm32f4xx_hal_msp.o
 .debug_macro   0x000223b5     0x1011 ./Core/Src/stm32f4xx_hal_msp.o
 .debug_macro   0x000233c6      0x189 ./Core/Src/stm32f4xx_hal_msp.o
 .debug_macro   0x0002354f      0x242 ./Core/Src/stm32f4xx_it.o
 .debug_macro   0x00023791      0x229 ./Core/Src/system_stm32f4xx.o
 .debug_macro   0x000239ba      0x289 ./Drivers/STM32F4xx_HAL_Driver/Src/stm32f4xx_hal.o
 .debug_macro   0x00023c43      0x22a ./Drivers/STM32F4xx_HAL_Driver/Src/stm32f4xx_hal_adc.o
 .debug_macro   0x00023e6d      0x229 ./Drivers/STM32F4xx_HAL_Driver/Src/stm32f4xx_hal_cortex.o
 .debug_macro   0x00024096      0x22f ./Drivers/STM32F4xx_HAL_Driver/Src/stm32f4xx_hal_gpio.o
 .debug_macro   0x000242c5      0x277 ./Drivers/STM32F4xx_HAL_Driver/Src/stm32f4xx_hal_i2c.o
 .debug_macro   0x0002453c      0x235 ./Drivers/STM32F4xx_HAL_Driver/Src/stm32f4xx_hal_pcd.o
 .debug_macro   0x00024771      0x229 ./Drivers/STM32F4xx_HAL_Driver/Src/stm32f4xx_hal_pcd_ex.o
 .debug_macro   0x0002499a      0x24d ./Drivers/STM32F4xx_HAL_Driver/Src/stm32f4xx_hal_rcc.o
 .debug_macro   0x00024be7      0x229 ./Drivers/STM32F4xx_HAL_Driver/Src/stm32f4xx_hal_rcc_ex.o
 .debug_macro   0x00024e10      0x238 ./Drivers/STM32F4xx_HAL_Driver/Src/stm32f4xx_hal_spi.o
 .debug_macro   0x00025048      0x22a ./Drivers/STM32F4xx_HAL_Driver/Src/stm32f4xx_hal_uart.o
 .debug_macro   0x00025272      0x229 ./Drivers/STM32F4xx_HAL_Driver/Src/stm32f4xx_ll_usb.o
 .debug_macro   0x0002549b      0x3c7 ./Middlewares/ST/STM32_USB_Device_Library/Class/CDC/Src/usbd_cdc.o
 .debug_macro   0x00025862       0x9e ./Middlewares/ST/STM32_USB_Device_Library/Class/CDC/Src/usbd_cdc.o
 .debug_macro   0x00025900      0x10b ./Middlewares/ST/STM32_USB_Device_Library/Class/CDC/Src/usbd_cdc.o
 .debug_macro   0x00025a0b       0x56 ./Middlewares/ST/STM32_USB_Device_Library/Class/CDC/Src/usbd_cdc.o
 .debug_macro   0x00025a61       0x95 ./Middlewares/ST/STM32_USB_Device_Library/Class/CDC/Src/usbd_cdc.o
 .debug_macro   0x00025af6      0x3ae ./Middlewares/ST/STM32_USB_Device_Library/Core/Src/usbd_core.o
 .debug_macro   0x00025ea4      0x215 ./Middlewares/ST/STM32_USB_Device_Library/Core/Src/usbd_core.o
 .debug_macro   0x000260b9      0x3b8 ./Middlewares/ST/STM32_USB_Device_Library/Core/Src/usbd_ctlreq.o
 .debug_macro   0x00026471      0x3b4 ./Middlewares/ST/STM32_USB_Device_Library/Core/Src/usbd_ioreq.o
 .debug_macro   0x00026825      0x3e7 ./USB_DEVICE/App/usb_device.o
 .debug_macro   0x00026c0c      0x112 ./USB_DEVICE/App/usb_device.o
 .debug_macro   0x00026d1e       0x22 ./USB_DEVICE/App/usb_device.o
 .debug_macro   0x00026d40       0x16 ./USB_DEVICE/App/usb_device.o
 .debug_macro   0x00026d56      0x3d2 ./USB_DEVICE/App/usbd_cdc_if.o
 .debug_macro   0x00027128       0x10 ./USB_DEVICE/App/usbd_cdc_if.o
 .debug_macro   0x00027138      0x3f1 ./USB_DEVICE/App/usbd_desc.o
 .debug_macro   0x00027529       0x1c ./USB_DEVICE/App/usbd_desc.o
 .debug_macro   0x00027545      0x3cb ./USB_DEVICE/Target/usbd_conf.o

.debug_line     0x00000000    0x1a669
 .debug_line    0x00000000      0xe42 ./Core/Src/main.o
 .debug_line    0x00000e42      0x89c ./Core/Src/stm32f4xx_hal_msp.o
 .debug_line    0x000016de      0x837 ./Core/Src/stm32f4xx_it.o
 .debug_line    0x00001f15      0x7d2 ./Core/Src/system_stm32f4xx.o
 .debug_line    0x000026e7       0x7a ./Core/Startup/startup_stm32f446retx.o
 .debug_line    0x00002761      0xa4a ./Drivers/STM32F4xx_HAL_Driver/Src/stm32f4xx_hal.o
 .debug_line    0x000031ab     0x12e1 ./Drivers/STM32F4xx_HAL_Driver/Src/stm32f4xx_hal_adc.o
 .debug_line    0x0000448c      0xd3c ./Drivers/STM32F4xx_HAL_Driver/Src/stm32f4xx_hal_cortex.o
 .debug_line    0x000051c8      0xbc2 ./Drivers/STM32F4xx_HAL_Driver/Src/stm32f4xx_hal_gpio.o
 .debug_line    0x00005d8a     0x3b8b ./Drivers/STM32F4xx_HAL_Driver/Src/stm32f4xx_hal_i2c.o
 .debug_line    0x00009915     0x155e ./Drivers/STM32F4xx_HAL_Driver/Src/stm32f4xx_hal_pcd.o
 .debug_line    0x0000ae73      0x87e ./Drivers/STM32F4xx_HAL_Driver/Src/stm32f4xx_hal_pcd_ex.o
 .debug_line    0x0000b6f1      0xddf ./Drivers/STM32F4xx_HAL_Driver/Src/stm32f4xx_hal_rcc.o
 .debug_line    0x0000c4d0     0x144e ./Drivers/STM32F4xx_HAL_Driver/Src/stm32f4xx_hal_rcc_ex.o
 .debug_line    0x0000d91e     0x1d6e ./Drivers/STM32F4xx_HAL_Driver/Src/stm32f4xx_hal_spi.o
 .debug_line    0x0000f68c     0x294d ./Drivers/STM32F4xx_HAL_Driver/Src/stm32f4xx_hal_uart.o
 .debug_line    0x00011fd9     0x1e20 ./Drivers/STM32F4xx_HAL_Driver/Src/stm32f4xx_ll_usb.o
 .debug_line    0x00013df9      0xedb ./Middlewares/ST/STM32_USB_Device_Library/Class/CDC/Src/usbd_cdc.o
 .debug_line    0x00014cd4      0xf6a ./Middlewares/ST/STM32_USB_Device_Library/Core/Src/usbd_core.o
 .debug_line    0x00015c3e     0x1178 ./Middlewares/ST/STM32_USB_Device_Library/Core/Src/usbd_ctlreq.o
 .debug_line    0x00016db6      0xa75 ./Middlewares/ST/STM32_USB_Device_Library/Core/Src/usbd_ioreq.o
 .debug_line    0x0001782b      0xa2b ./USB_DEVICE/App/usb_device.o
 .debug_line    0x00018256      0xa8e ./USB_DEVICE/App/usbd_cdc_if.o
 .debug_line    0x00018ce4      0xb0f ./USB_DEVICE/App/usbd_desc.o
 .debug_line    0x000197f3      0xe76 ./USB_DEVICE/Target/usbd_conf.o

.debug_str      0x00000000    0xdf964
 .debug_str     0x00000000    0xd9fe8 ./Core/Src/main.o
                              0xda671 (size before relaxing)
 .debug_str     0x000d9fe8      0x2d5 ./Core/Src/stm32f4xx_hal_msp.o
                              0xd3dd9 (size before relaxing)
 .debug_str     0x000da2bd      0x497 ./Core/Src/stm32f4xx_it.o
                              0xd368a (size before relaxing)
 .debug_str     0x000da754       0xdb ./Core/Src/system_stm32f4xx.o
                              0xd2f13 (size before relaxing)
 .debug_str     0x000da82f       0x44 ./Core/Startup/startup_stm32f446retx.o
                                 0x74 (size before relaxing)
 .debug_str     0x000da873      0xac0 ./Drivers/STM32F4xx_HAL_Driver/Src/stm32f4xx_hal.o
                              0xd3ad8 (size before relaxing)
 .debug_str     0x000db333      0x2c0 ./Drivers/STM32F4xx_HAL_Driver/Src/stm32f4xx_hal_adc.o
                              0xd34db (size before relaxing)
 .debug_str     0x000db5f3      0x392 ./Drivers/STM32F4xx_HAL_Driver/Src/stm32f4xx_hal_cortex.o
                              0xd382f (size before relaxing)
 .debug_str     0x000db985      0x121 ./Drivers/STM32F4xx_HAL_Driver/Src/stm32f4xx_hal_gpio.o
                              0xd308e (size before relaxing)
 .debug_str     0x000dbaa6      0xb1a ./Drivers/STM32F4xx_HAL_Driver/Src/stm32f4xx_hal_i2c.o
                              0xd3f11 (size before relaxing)
 .debug_str     0x000dc5c0      0x852 ./Drivers/STM32F4xx_HAL_Driver/Src/stm32f4xx_hal_pcd.o
                              0xd3a24 (size before relaxing)
 .debug_str     0x000dce12      0x12d ./Drivers/STM32F4xx_HAL_Driver/Src/stm32f4xx_hal_pcd_ex.o
                              0xd3326 (size before relaxing)
 .debug_str     0x000dcf3f      0x1ff ./Drivers/STM32F4xx_HAL_Driver/Src/stm32f4xx_hal_rcc.o
                              0xd334c (size before relaxing)
 .debug_str     0x000dd13e      0x324 ./Drivers/STM32F4xx_HAL_Driver/Src/stm32f4xx_hal_rcc_ex.o
                              0xd337f (size before relaxing)
 .debug_str     0x000dd462      0x552 ./Drivers/STM32F4xx_HAL_Driver/Src/stm32f4xx_hal_spi.o
                              0xd37ac (size before relaxing)
 .debug_str     0x000dd9b4      0x609 ./Drivers/STM32F4xx_HAL_Driver/Src/stm32f4xx_hal_uart.o
                              0xd3903 (size before relaxing)
 .debug_str     0x000ddfbd      0x4a7 ./Drivers/STM32F4xx_HAL_Driver/Src/stm32f4xx_ll_usb.o
                              0xd38e0 (size before relaxing)
 .debug_str     0x000de464      0xb67 ./Middlewares/ST/STM32_USB_Device_Library/Class/CDC/Src/usbd_cdc.o
                              0xd836b (size before relaxing)
 .debug_str     0x000defcb      0x35c ./Middlewares/ST/STM32_USB_Device_Library/Core/Src/usbd_core.o
                              0xd7c8d (size before relaxing)
 .debug_str     0x000df327      0x139 ./Middlewares/ST/STM32_USB_Device_Library/Core/Src/usbd_ctlreq.o
                              0xd7ab8 (size before relaxing)
 .debug_str     0x000df460       0x51 ./Middlewares/ST/STM32_USB_Device_Library/Core/Src/usbd_ioreq.o
                              0xd798d (size before relaxing)
 .debug_str     0x000df4b1      0x105 ./USB_DEVICE/App/usb_device.o
                              0xd7d40 (size before relaxing)
 .debug_str     0x000df5b6       0x9a ./USB_DEVICE/App/usbd_cdc_if.o
                              0xd7d80 (size before relaxing)
 .debug_str     0x000df650      0x298 ./USB_DEVICE/App/usbd_desc.o
                              0xd78af (size before relaxing)
 .debug_str     0x000df8e8       0x7c ./USB_DEVICE/Target/usbd_conf.o
                              0xd8e4c (size before relaxing)

.comment        0x00000000       0x43
 .comment       0x00000000       0x43 ./Core/Src/main.o
                                 0x44 (size before relaxing)
 .comment       0x00000043       0x44 ./Core/Src/stm32f4xx_hal_msp.o
 .comment       0x00000043       0x44 ./Core/Src/stm32f4xx_it.o
 .comment       0x00000043       0x44 ./Core/Src/system_stm32f4xx.o
 .comment       0x00000043       0x44 ./Drivers/STM32F4xx_HAL_Driver/Src/stm32f4xx_hal.o
 .comment       0x00000043       0x44 ./Drivers/STM32F4xx_HAL_Driver/Src/stm32f4xx_hal_adc.o
 .comment       0x00000043       0x44 ./Drivers/STM32F4xx_HAL_Driver/Src/stm32f4xx_hal_cortex.o
 .comment       0x00000043       0x44 ./Drivers/STM32F4xx_HAL_Driver/Src/stm32f4xx_hal_gpio.o
 .comment       0x00000043       0x44 ./Drivers/STM32F4xx_HAL_Driver/Src/stm32f4xx_hal_i2c.o
 .comment       0x00000043       0x44 ./Drivers/STM32F4xx_HAL_Driver/Src/stm32f4xx_hal_pcd.o
 .comment       0x00000043       0x44 ./Drivers/STM32F4xx_HAL_Driver/Src/stm32f4xx_hal_pcd_ex.o
 .comment       0x00000043       0x44 ./Drivers/STM32F4xx_HAL_Driver/Src/stm32f4xx_hal_rcc.o
 .comment       0x00000043       0x44 ./Drivers/STM32F4xx_HAL_Driver/Src/stm32f4xx_hal_rcc_ex.o
 .comment       0x00000043       0x44 ./Drivers/STM32F4xx_HAL_Driver/Src/stm32f4xx_hal_spi.o
 .comment       0x00000043       0x44 ./Drivers/STM32F4xx_HAL_Driver/Src/stm32f4xx_hal_uart.o
 .comment       0x00000043       0x44 ./Drivers/STM32F4xx_HAL_Driver/Src/stm32f4xx_ll_usb.o
 .comment       0x00000043       0x44 ./Middlewares/ST/STM32_USB_Device_Library/Class/CDC/Src/usbd_cdc.o
 .comment       0x00000043       0x44 ./Middlewares/ST/STM32_USB_Device_Library/Core/Src/usbd_core.o
 .comment       0x00000043       0x44 ./Middlewares/ST/STM32_USB_Device_Library/Core/Src/usbd_ctlreq.o
 .comment       0x00000043       0x44 ./Middlewares/ST/STM32_USB_Device_Library/Core/Src/usbd_ioreq.o
 .comment       0x00000043       0x44 ./USB_DEVICE/App/usb_device.o
 .comment       0x00000043       0x44 ./USB_DEVICE/App/usbd_cdc_if.o
 .comment       0x00000043       0x44 ./USB_DEVICE/App/usbd_desc.o
 .comment       0x00000043       0x44 ./USB_DEVICE/Target/usbd_conf.o

.debug_frame    0x00000000     0x52e8
 .debug_frame   0x00000000      0x104 ./Core/Src/main.o
 .debug_frame   0x00000104      0x158 ./Core/Src/stm32f4xx_hal_msp.o
 .debug_frame   0x0000025c      0x120 ./Core/Src/stm32f4xx_it.o
 .debug_frame   0x0000037c       0x58 ./Core/Src/system_stm32f4xx.o
 .debug_frame   0x000003d4      0x374 ./Drivers/STM32F4xx_HAL_Driver/Src/stm32f4xx_hal.o
 .debug_frame   0x00000748      0x3fc ./Drivers/STM32F4xx_HAL_Driver/Src/stm32f4xx_hal_adc.o
 .debug_frame   0x00000b44      0x508 ./Drivers/STM32F4xx_HAL_Driver/Src/stm32f4xx_hal_cortex.o
 .debug_frame   0x0000104c      0x14c ./Drivers/STM32F4xx_HAL_Driver/Src/stm32f4xx_hal_gpio.o
 .debug_frame   0x00001198      0xc84 ./Drivers/STM32F4xx_HAL_Driver/Src/stm32f4xx_hal_i2c.o
 .debug_frame   0x00001e1c      0x5b8 ./Drivers/STM32F4xx_HAL_Driver/Src/stm32f4xx_hal_pcd.o
 .debug_frame   0x000023d4      0x100 ./Drivers/STM32F4xx_HAL_Driver/Src/stm32f4xx_hal_pcd_ex.o
 .debug_frame   0x000024d4      0x1f4 ./Drivers/STM32F4xx_HAL_Driver/Src/stm32f4xx_hal_rcc.o
 .debug_frame   0x000026c8      0x1e8 ./Drivers/STM32F4xx_HAL_Driver/Src/stm32f4xx_hal_rcc_ex.o
 .debug_frame   0x000028b0      0x828 ./Drivers/STM32F4xx_HAL_Driver/Src/stm32f4xx_hal_spi.o
 .debug_frame   0x000030d8      0x954 ./Drivers/STM32F4xx_HAL_Driver/Src/stm32f4xx_hal_uart.o
 .debug_frame   0x00003a2c      0x7c0 ./Drivers/STM32F4xx_HAL_Driver/Src/stm32f4xx_ll_usb.o
 .debug_frame   0x000041ec      0x23c ./Middlewares/ST/STM32_USB_Device_Library/Class/CDC/Src/usbd_cdc.o
 .debug_frame   0x00004428      0x390 ./Middlewares/ST/STM32_USB_Device_Library/Core/Src/usbd_core.o
 .debug_frame   0x000047b8      0x23c ./Middlewares/ST/STM32_USB_Device_Library/Core/Src/usbd_ctlreq.o
 .debug_frame   0x000049f4      0x10c ./Middlewares/ST/STM32_USB_Device_Library/Core/Src/usbd_ioreq.o
 .debug_frame   0x00004b00       0x2c ./USB_DEVICE/App/usb_device.o
 .debug_frame   0x00004b2c       0xe4 ./USB_DEVICE/App/usbd_cdc_if.o
 .debug_frame   0x00004c10      0x188 ./USB_DEVICE/App/usbd_desc.o
 .debug_frame   0x00004d98      0x4a4 ./USB_DEVICE/Target/usbd_conf.o
 .debug_frame   0x0000523c       0x20 /home/colin/st/stm32cubeide_1.16.1_2/plugins/com.st.stm32cube.ide.mcu.externaltools.gnu-tools-for-stm32.12.3.rel1.linux64_1.0.200.202406132123/tools/bin/../lib/gcc/arm-none-eabi/12.3.1/../../../../arm-none-eabi/lib/thumb/v7e-m+fp/hard/libc_nano.a(libc_a-memset.o)
 .debug_frame   0x0000525c       0x2c /home/colin/st/stm32cubeide_1.16.1_2/plugins/com.st.stm32cube.ide.mcu.externaltools.gnu-tools-for-stm32.12.3.rel1.linux64_1.0.200.202406132123/tools/bin/../lib/gcc/arm-none-eabi/12.3.1/../../../../arm-none-eabi/lib/thumb/v7e-m+fp/hard/libc_nano.a(libc_a-init.o)
 .debug_frame   0x00005288       0x2c /home/colin/st/stm32cubeide_1.16.1_2/plugins/com.st.stm32cube.ide.mcu.externaltools.gnu-tools-for-stm32.12.3.rel1.linux64_1.0.200.202406132123/tools/bin/../lib/gcc/arm-none-eabi/12.3.1/thumb/v7e-m+fp/hard/libgcc.a(_aeabi_uldivmod.o)
 .debug_frame   0x000052b4       0x34 /home/colin/st/stm32cubeide_1.16.1_2/plugins/com.st.stm32cube.ide.mcu.externaltools.gnu-tools-for-stm32.12.3.rel1.linux64_1.0.200.202406132123/tools/bin/../lib/gcc/arm-none-eabi/12.3.1/thumb/v7e-m+fp/hard/libgcc.a(_udivmoddi4.o)

.debug_line_str
                0x00000000       0x58
 .debug_line_str
                0x00000000       0x58 ./Core/Startup/startup_stm32f446retx.o